Component: ARM Compiler 5.05 update 1 (build 106) Tool: armlink [4d0efa]

==============================================================================

Section Cross References

    main.o(i.CheckWater) refers to adc.o(i.get_temp) for get_temp
    main.o(i.CheckWater) refers to adc.o(i.get_salt) for get_salt
    main.o(i.CheckWater) refers to f2d.o(x$fpl$f2d) for __aeabi_f2d
    main.o(i.CheckWater) refers to usart.o(i.uprintf) for uprintf
    main.o(i.CheckWater) refers to frleqf.o(x$fpl$frleqf) for __aeabi_cfrcmple
    main.o(i.CheckWater) refers to gpio.o(i.addWaterMotor) for addWaterMotor
    main.o(i.CheckWater) refers to tim.o(i.delay_ms) for delay_ms
    main.o(i.CheckWater) refers to fleqf.o(x$fpl$fleqf) for __aeabi_cfcmple
    main.o(i.CheckWater) refers to gpio.o(i.mixUpMotor) for mixUpMotor
    main.o(i.CheckWater) refers to gpio.o(i.saltMotor) for saltMotor
    main.o(i.CheckWater) refers to main.o(.data) for state
    main.o(i.CheckWater) refers to cmd.o(.data) for doingWhat
    main.o(i.GoToNextPos) refers to stepmotor.o(i.setPos) for setPos
    main.o(i.GoToNextPos) refers to main.o(.data) for area
    main.o(i.GoToNextPos) refers to stepmotor.o(.data) for MotorSetAndDone_Flag
    main.o(i.main) refers to rcc.o(i.rcc_init) for rcc_init
    main.o(i.main) refers to usart.o(i.Usart_init) for Usart_init
    main.o(i.main) refers to usart.o(i.uprintf) for uprintf
    main.o(i.main) refers to cmd.o(i.cmd_init) for cmd_init
    main.o(i.main) refers to adc.o(i.saltAndTempInit) for saltAndTempInit
    main.o(i.main) refers to f2d.o(x$fpl$f2d) for __aeabi_f2d
    main.o(i.main) refers to stepmotor.o(i.motorInit) for motorInit
    main.o(i.main) refers to gpio.o(i.GPIO_confi) for GPIO_confi
    main.o(i.main) refers to gpio.o(i.fishMotor) for fishMotor
    main.o(i.main) refers to gpio.o(i.saltMotor) for saltMotor
    main.o(i.main) refers to gpio.o(i.mixUpMotor) for mixUpMotor
    main.o(i.main) refers to gpio.o(i.addWaterMotor) for addWaterMotor
    main.o(i.main) refers to stm32f10x_gpio.o(i.GPIO_ReadInputDataBit) for GPIO_ReadInputDataBit
    main.o(i.main) refers to stepmotor.o(i.setPos) for setPos
    main.o(i.main) refers to tim.o(i.delay_ms) for delay_ms
    main.o(i.main) refers to main.o(i.CheckWater) for CheckWater
    main.o(i.main) refers to main.o(i.GoToNextPos) for GoToNextPos
    main.o(i.main) refers to main.o(.data) for TEMP_MIN
    main.o(i.main) refers to stepmotor.o(.data) for MotorSetAndDone_Flag
    main.o(i.main) refers to cmd.o(.data) for doingWhat
    usart.o(i.Usart_init) refers to stm32f10x_gpio.o(i.GPIO_Init) for GPIO_Init
    usart.o(i.Usart_init) refers to stm32f10x_usart.o(i.USART_ClockInit) for USART_ClockInit
    usart.o(i.Usart_init) refers to stm32f10x_usart.o(i.USART_Init) for USART_Init
    usart.o(i.Usart_init) refers to stm32f10x_usart.o(i.USART_Cmd) for USART_Cmd
    usart.o(i.Usart_init) refers to stm32f10x_usart.o(i.USART_ClearFlag) for USART_ClearFlag
    usart.o(i.Usart_init) refers to stm32f10x_usart.o(i.USART_ITConfig) for USART_ITConfig
    usart.o(i.Usart_init) refers to misc.o(i.NVIC_PriorityGroupConfig) for NVIC_PriorityGroupConfig
    usart.o(i.Usart_init) refers to misc.o(i.NVIC_Init) for NVIC_Init
    usart.o(i.Usart_init) refers to usart.o(.data) for GPIO_InitStructure
    usart.o(i.Usart_init) refers to usart.o(.bss) for USART_InitStructure
    usart.o(i.uprintf) refers to c89vsnprintf.o(.text) for __c89vsnprintf
    usart.o(i.uprintf) refers to stm32f10x_usart.o(i.USART_ClearFlag) for USART_ClearFlag
    usart.o(i.uprintf) refers to stm32f10x_usart.o(i.USART_SendData) for USART_SendData
    usart.o(i.uprintf) refers to stm32f10x_usart.o(i.USART_GetFlagStatus) for USART_GetFlagStatus
    rcc.o(i.rcc_init) refers to stm32f10x_rcc.o(i.RCC_DeInit) for RCC_DeInit
    rcc.o(i.rcc_init) refers to rcc.o(i.system_clk_set) for system_clk_set
    rcc.o(i.rcc_init) refers to stm32f10x_rcc.o(i.RCC_APB2PeriphClockCmd) for RCC_APB2PeriphClockCmd
    rcc.o(i.rcc_init) refers to stm32f10x_rcc.o(i.RCC_APB1PeriphClockCmd) for RCC_APB1PeriphClockCmd
    rcc.o(i.rcc_init) refers to misc.o(i.NVIC_PriorityGroupConfig) for NVIC_PriorityGroupConfig
    rcc.o(i.system_clk_set) refers to stm32f10x_rcc.o(i.RCC_DeInit) for RCC_DeInit
    rcc.o(i.system_clk_set) refers to stm32f10x_rcc.o(i.RCC_HSEConfig) for RCC_HSEConfig
    rcc.o(i.system_clk_set) refers to stm32f10x_rcc.o(i.RCC_WaitForHSEStartUp) for RCC_WaitForHSEStartUp
    rcc.o(i.system_clk_set) refers to stm32f10x_flash.o(i.FLASH_SetLatency) for FLASH_SetLatency
    rcc.o(i.system_clk_set) refers to stm32f10x_flash.o(i.FLASH_PrefetchBufferCmd) for FLASH_PrefetchBufferCmd
    rcc.o(i.system_clk_set) refers to stm32f10x_rcc.o(i.RCC_PLLCmd) for RCC_PLLCmd
    rcc.o(i.system_clk_set) refers to stm32f10x_rcc.o(i.RCC_HCLKConfig) for RCC_HCLKConfig
    rcc.o(i.system_clk_set) refers to stm32f10x_rcc.o(i.RCC_PCLK2Config) for RCC_PCLK2Config
[...]
    .bss                                     0x200002e4   Section       96  libspace.o(.bss)
    HEAP                                     0x20000348   Section     2048  startup_stm32f10x_hd.o(HEAP)
    Heap_Mem                                 0x20000348   Data        2048  startup_stm32f10x_hd.o(HEAP)
    STACK                                    0x20000b48   Section     2048  startup_stm32f10x_hd.o(STACK)
    Stack_Mem                                0x20000b48   Data        2048  startup_stm32f10x_hd.o(STACK)
    __initial_sp                             0x20001348   Data           0  startup_stm32f10x_hd.o(STACK)

    Global Symbols

    Symbol Name                              Value     Ov Type        Size  Object(Section)

    BuildAttributes$$THM_ISAv4$P$D$K$B$S$PE$A:L22UL41UL21$X:L11$S22US41US21$IEEE1$IW$USESV6$~STKCKD$USESV7$~SHL$OTIME$ROPI$IEEEX$EBA8$UX$STANDARDLIB$REQ8$PRES8$EABIv2 0x00000000   Number         0  anon$$obj.o ABSOLUTE
    __ARM_use_no_argv                        0x00000000   Number         0  main.o ABSOLUTE
    _printf_flags                            0x00000000   Number         0  printf_stubs.o ABSOLUTE
    _printf_return_value                     0x00000000   Number         0  printf_stubs.o ABSOLUTE
    _printf_sizespec                         0x00000000   Number         0  printf_stubs.o ABSOLUTE
    _printf_widthprec                        0x00000000   Number         0  printf_stubs.o ABSOLUTE
    __ARM_exceptions_init                     - Undefined Weak Reference
    __alloca_initialize                       - Undefined Weak Reference
    __arm_preinit_                            - Undefined Weak Reference
    __cpp_initialize__aeabi_                  - Undefined Weak Reference
    __cxa_finalize                            - Undefined Weak Reference
    __sigvec_lookup                           - Undefined Weak Reference
    __user_heap_extent                        - Undefined Weak Reference
    _atexit_init                              - Undefined Weak Reference
    _call_atexit_fns                          - Undefined Weak Reference
    _clock_init                               - Undefined Weak Reference
    _fp_trap_init                             - Undefined Weak Reference
    _fp_trap_shutdown                         - Undefined Weak Reference
    _get_lc_collate                           - Undefined Weak Reference
    _get_lc_monetary                          - Undefined Weak Reference
    _get_lc_time                              - Undefined Weak Reference
    _getenv_init                              - Undefined Weak Reference
    _handle_redirection                       - Undefined Weak Reference
    _initio                                   - Undefined Weak Reference
    _mutex_acquire                            - Undefined Weak Reference
    _mutex_free                               - Undefined Weak Reference
    _mutex_release                            - Undefined Weak Reference
    _printf_fp_hex                            - Undefined Weak Reference
    _printf_mbtowc                            - Undefined Weak Reference
    _printf_wc                                - Undefined Weak Reference
    _rand_init                                - Undefined Weak Reference
    _signal_finish                            - Undefined Weak Reference
    _signal_init                              - Undefined Weak Reference
    _terminateio                              - Undefined Weak Reference
    __Vectors_Size                           0x00000130   Number         0  startup_stm32f10x_hd.o ABSOLUTE
    __Vectors                                0x08000000   Data           4  startup_stm32f10x_hd.o(RESET)
    __Vectors_End                            0x08000130   Data           0  startup_stm32f10x_hd.o(RESET)
    __main                                   0x08000131   Thumb Code     8  __main.o(!!!main)
    __scatterload                            0x08000139   Thumb Code     0  __scatter.o(!!!scatter)
    __scatterload_rt2                        0x08000139   Thumb Code    44  __scatter.o(!!!scatter)
    __scatterload_rt2_thumb_only             0x08000139   Thumb Code     0  __scatter.o(!!!scatter)
    __scatterload_null                       0x08000147   Thumb Code     0  __scatter.o(!!!scatter)
    __decompress                             0x0800016d   Thumb Code    90  __dczerorl2.o(!!dczerorl2)
    __decompress1                            0x0800016d   Thumb Code     0  __dczerorl2.o(!!dczerorl2)
    __scatterload_zeroinit                   0x080001c9   Thumb Code    28  __scatter_zi.o(!!handler_zi)
    _printf_n                                0x080001e5   Thumb Code     0  _printf_n.o(.ARM.Collect$$_printf_percent$$00000001)
    _printf_percent                          0x080001e5   Thumb Code     0  _printf_percent.o(.ARM.Collect$$_printf_percent$$00000000)
    _printf_p                                0x080001eb   Thumb Code     0  _printf_p.o(.ARM.Collect$$_printf_percent$$00000002)
    _printf_f                                0x080001f1   Thumb Code     0  _printf_f.o(.ARM.Collect$$_printf_percent$$00000003)
    _printf_e                                0x080001f7   Thumb Code     0  _printf_e.o(.ARM.Collect$$_printf_percent$$00000004)
    _printf_g                                0x080001fd   Thumb Code     0  _printf_g.o(.ARM.Collect$$_printf_percent$$00000005)
    _printf_a                                0x08000203   Thumb Code     0  _printf_a.o(.ARM.Collect$$_printf_percent$$00000006)
    _printf_ll                               0x08000209   Thumb Code     0  _printf_ll.o(.ARM.Collect$$_printf_percent$$00000007)
    _printf_i                                0x08000213   Thumb Code     0  _printf_i.o(.ARM.Collect$$_printf_percent$$00000008)
    _printf_d                                0x08000219   Thumb Code     0  _printf_d.o(.ARM.Collect$$_printf_percent$$00000009)
    _printf_u                                0x0800021f   Thumb Code     0  _printf_u.o(.ARM.Collect$$_printf_percent$$0000000A)
    _printf_o                                0x08000225   Thumb Code     0  _printf_o.o(.ARM.Collect$$_printf_percent$$0000000B)
    _printf_x                                0x0800022b   Thumb Code     0  _printf_x.o(.ARM.Collect$$_printf_percent$$0000000C)
    _printf_lli                              0x08000231   Thumb Code     0  _printf_lli.o(.ARM.Collect$$_printf_percent$$0000000D)
    _printf_lld                              0x08000237   Thumb Code     0  _printf_lld.o(.ARM.Collect$$_printf_percent$$0000000E)
    _printf_llu                              0x0800023d   Thumb Code     0  _printf_llu.o(.ARM.Collect$$_printf_percent$$0000000F)
    _printf_llo                              0x08000243   Thumb Code     0  _printf_llo.o(.ARM.Collect$$_printf_percent$$00000010)
    _printf_llx                              0x08000249   Thumb Code     0  _printf_llx.o(.ARM.Collect$$_printf_percent$$00000011)
    _printf_l                                0x0800024f   Thumb Code     0  _printf_l.o(.ARM.Collect$$_printf_percent$$00000012)
    _printf_c                                0x08000259   Thumb Code     0  _printf_c.o(.ARM.Collect$$_printf_percent$$00000013)
    _printf_s                                0x0800025f   Thumb Code     0  _printf_s.o(.ARM.Collect$$_printf_percent$$00000014)
    _printf_lc                               0x08000265   Thumb Code     0  _printf_lc.o(.ARM.Collect$$_printf_percent$$00000015)
    _printf_ls                               0x0800026b   Thumb Code     0  _printf_ls.o(.ARM.Collect$$_printf_percent$$00000016)
    _printf_percent_end                      0x08000271   Thumb Code     0  _printf_percent_end.o(.ARM.Collect$$_printf_percent$$00000017)
    __rt_lib_init                            0x08000275   Thumb Code     0  libinit.o(.ARM.Collect$$libinit$$00000000)
    __rt_lib_init_fp_1                       0x08000277   Thumb Code     0  libinit2.o(.ARM.Collect$$libinit$$00000002)
    __rt_lib_init_heap_2                     0x08000277   Thumb Code     0  libinit2.o(.ARM.Collect$$libinit$$00000005)
    __rt_lib_init_preinit_1                  0x08000277   Thumb Code     0  libinit2.o(.ARM.Collect$$libinit$$00000004)
    __rt_lib_init_heap_1                     0x0800027f   Thumb Code     0  libinit2.o(.ARM.Collect$$libinit$$0000000A)
    __rt_lib_init_lc_common                  0x0800027f   Thumb Code     0  libinit2.o(.ARM.Collect$$libinit$$0000000F)
    __rt_lib_init_rand_1                     0x0800027f   Thumb Code     0  libinit2.o(.ARM.Collect$$libinit$$0000000E)
    __rt_lib_init_user_alloc_1               0x0800027f   Thumb Code     0  libinit2.o(.ARM.Collect$$libinit$$0000000C)
    __rt_lib_init_lc_collate_1               0x08000285   Thumb Code     0  libinit2.o(.ARM.Collect$$libinit$$00000011)
    __rt_lib_init_lc_ctype_2                 0x08000285   Thumb Code     0  libinit2.o(.ARM.Collect$$libinit$$00000012)
    __rt_lib_init_lc_ctype_1                 0x08000291   Thumb Code     0  libinit2.o(.ARM.Collect$$libinit$$00000013)
    __rt_lib_init_lc_monetary_1              0x08000291   Thumb Code     0  libinit2.o(.ARM.Collect$$libinit$$00000015)
    __rt_lib_init_lc_numeric_2               0x08000291   Thumb Code     0  libinit2.o(.ARM.Collect$$libinit$$00000016)
    __rt_lib_init_alloca_1                   0x0800029b   Thumb Code     0  libinit2.o(.ARM.Collect$$libinit$$0000002E)
    __rt_lib_init_argv_1                     0x0800029b   Thumb Code     0  libinit2.o(.ARM.Collect$$libinit$$0000002C)
    __rt_lib_init_atexit_1                   0x0800029b   Thumb Code     0  libinit2.o(.ARM.Collect$$libinit$$0000001B)
    __rt_lib_init_clock_1                    0x0800029b   Thumb Code     0  libinit2.o(.ARM.Collect$$libinit$$00000021)
    __rt_lib_init_cpp_1                      0x0800029b   Thumb Code     0  libinit2.o(.ARM.Collect$$libinit$$00000032)
    __rt_lib_init_exceptions_1               0x0800029b   Thumb Code     0  libinit2.o(.ARM.Collect$$libinit$$00000030)
    __rt_lib_init_fp_trap_1                  0x0800029b   Thumb Code     0  libinit2.o(.ARM.Collect$$libinit$$0000001F)
    __rt_lib_init_getenv_1                   0x0800029b   Thumb Code     0  libinit2.o(.ARM.Collect$$libinit$$00000023)
    __rt_lib_init_lc_numeric_1               0x0800029b   Thumb Code     0  libinit2.o(.ARM.Collect$$libinit$$00000017)
    __rt_lib_init_lc_time_1                  0x0800029b   Thumb Code     0  libinit2.o(.ARM.Collect$$libinit$$00000019)
    __rt_lib_init_return                     0x0800029b   Thumb Code     0  libinit2.o(.ARM.Collect$$libinit$$00000033)
    __rt_lib_init_signal_1                   0x0800029b   Thumb Code     0  libinit2.o(.ARM.Collect$$libinit$$0000001D)
    __rt_lib_init_stdio_1                    0x0800029b   Thumb Code     0  libinit2.o(.ARM.Collect$$libinit$$00000025)
    __rt_lib_shutdown                        0x0800029d   Thumb Code     0  libshutdown.o(.ARM.Collect$$libshutdown$$00000000)
    __rt_lib_shutdown_fp_trap_1              0x0800029f   Thumb Code     0  libshutdown2.o(.ARM.Collect$$libshutdown$$00000006)
    __rt_lib_shutdown_heap_1                 0x0800029f   Thumb Code     0  libshutdown2.o(.ARM.Collect$$libshutdown$$0000000E)
    __rt_lib_shutdown_return                 0x0800029f   Thumb Code     0  libshutdown2.o(.ARM.Collect$$libshutdown$$0000000F)
    __rt_lib_shutdown_signal_1               0x0800029f   Thumb Code     0  libshutdown2.o(.ARM.Collect$$libshutdown$$00000009)
    __rt_lib_shutdown_stdio_1                0x0800029f   Thumb Code     0  libshutdown2.o(.ARM.Collect$$libshutdown$$00000003)
    __rt_lib_shutdown_user_alloc_1           0x0800029f   Thumb Code     0  libshutdown2.o(.ARM.Collect$$libshutdown$$0000000B)
    __rt_entry                               0x080002a1   Thumb Code     0  __rtentry.o(.ARM.Collect$$rtentry$$00000000)
    __rt_entry_presh_1                       0x080002a1   Thumb Code     0  __rtentry2.o(.ARM.Collect$$rtentry$$00000002)
    __rt_entry_sh                            0x080002a1   Thumb Code     0  __rtentry4.o(.ARM.Collect$$rtentry$$00000004)
    __rt_entry_li                            0x080002a7   Thumb Code     0  __rtentry2.o(.ARM.Collect$$rtentry$$0000000A)
    __rt_entry_postsh_1                      0x080002a7   Thumb Code     0  __rtentry2.o(.ARM.Collect$$rtentry$$00000009)
    __rt_entry_main                          0x080002ab   Thumb Code     0  __rtentry2.o(.ARM.Collect$$rtentry$$0000000D)
    __rt_entry_postli_1                      0x080002ab   Thumb Code     0  __rtentry2.o(.ARM.Collect$$rtentry$$0000000C)
    __rt_exit                                0x080002b3   Thumb Code     0  rtexit.o(.ARM.Collect$$rtexit$$00000000)
    __rt_exit_ls                             0x080002b5   Thumb Code     0  rtexit2.o(.ARM.Collect$$rtexit$$00000003)
    __rt_exit_prels_1                        0x080002b5   Thumb Code     0  rtexit2.o(.ARM.Collect$$rtexit$$00000002)
    __rt_exit_exit                           0x080002b9   Thumb Code     0  rtexit2.o(.ARM.Collect$$rtexit$$00000004)
    Reset_Handler                            0x080002c1   Thumb Code     8  startup_stm32f10x_hd.o(.text)
    _maybe_terminate_alloc                   0x080002c1   Thumb Code     0  maybetermalloc1.o(.emb_text)
    ADC1_2_IRQHandler                        0x080002db   Thumb Code     0  startup_stm32f10x_hd.o(.text)
    ADC3_IRQHandler                          0x080002db   Thumb Code     0  startup_stm32f10x_hd.o(.text)
    CAN1_RX1_IRQHandler                      0x080002db   Thumb Code     0  startup_stm32f10x_hd.o(.text)
    CAN1_SCE_IRQHandler                      0x080002db   Thumb Code     0  startup_stm32f10x_hd.o(.text)
    DMA1_Channel1_IRQHandler                 0x080002db   Thumb Code     0  startup_stm32f10x_hd.o(.text)
    DMA1_Channel2_IRQHandler                 0x080002db   Thumb Code     0  startup_stm32f10x_hd.o(.text)
    DMA1_Channel3_IRQHandler                 0x080002db   Thumb Code     0  startup_stm32f10x_hd.o(.text)
    DMA1_Channel4_IRQHandler                 0x080002db   Thumb Code     0  startup_stm32f10x_hd.o(.text)
    DMA1_Channel5_IRQHandler                 0x080002db   Thumb Code     0  startup_stm32f10x_hd.o(.text)
    DMA1_Channel6_IRQHandler                 0x080002db   Thumb Code     0  startup_stm32f10x_hd.o(.text)
    DMA1_Channel7_IRQHandler                 0x080002db   Thumb Code     0  startup_stm32f10x_hd.o(.text)
    DMA2_Channel1_IRQHandler                 0x080002db   Thumb Code     0  startup_stm32f10x_hd.o(.text)
    DMA2_Channel2_IRQHandler                 0x080002db   Thumb Code     0  startup_stm32f10x_hd.o(.text)
    DMA2_Channel3_IRQHandler                 0x080002db   Thumb Code     0  startup_stm32f10x_hd.o(.text)
    DMA2_Channel4_5_IRQHandler               0x080002db   Thumb Code     0  startup_stm32f10x_hd.o(.text)
    EXTI0_IRQHandler                         0x080002db   Thumb Code     0  startup_stm32f10x_hd.o(.text)
    EXTI15_10_IRQHandler                     0x080002db   Thumb Code     0  startup_stm32f10x_hd.o(.text)
    EXTI1_IRQHandler                         0x080002db   Thumb Code     0  startup_stm32f10x_hd.o(.text)
    EXTI2_IRQHandler                         0x080002db   Thumb Code     0  startup_stm32f10x_hd.o(.text)
    EXTI3_IRQHandler                         0x080002db   Thumb Code     0  startup_stm32f10x_hd.o(.text)
    EXTI4_IRQHandler                         0x080002db   Thumb Code     0  startup_stm32f10x_hd.o(.text)
    EXTI9_5_IRQHandler                       0x080002db   Thumb Code     0  startup_stm32f10x_hd.o(.text)
    FLASH_IRQHandler                         0x080002db   Thumb Code     0  startup_stm32f10x_hd.o(.text)
    FSMC_IRQHandler                          0x080002db   Thumb Code     0  startup_stm32f10x_hd.o(.text)
    I2C1_ER_IRQHandler                       0x080002db   Thumb Code     0  startup_stm32f10x_hd.o(.text)
    I2C1_EV_IRQHandler                       0x080002db   Thumb Code     0  startup_stm32f10x_hd.o(.text)
    I2C2_ER_IRQHandler                       0x080002db   Thumb Code     0  startup_stm32f10x_hd.o(.text)
    I2C2_EV_IRQHandler                       0x080002db   Thumb Code     0  startup_stm32f10x_hd.o(.text)
    PVD_IRQHandler                           0x080002db   Thumb Code     0  startup_stm32f10x_hd.o(.text)
    RCC_IRQHandler                           0x080002db   Thumb Code     0  startup_stm32f10x_hd.o(.text)
    RTCAlarm_IRQHandler                      0x080002db   Thumb Code     0  startup_stm32f10x_hd.o(.text)
    RTC_IRQHandler                           0x080002db   Thumb Code     0  startup_stm32f10x_hd.o(.text)
    SDIO_IRQHandler                          0x080002db   Thumb Code     0  startup_stm32f10x_hd.o(.text)
    SPI1_IRQHandler                          0x080002db   Thumb Code     0  startup_stm32f10x_hd.o(.text)
    SPI2_IRQHandler                          0x080002db   Thumb Code     0  startup_stm32f10x_hd.o(.text)
    SPI3_IRQHandler                          0x080002db   Thumb Code     0  startup_stm32f10x_hd.o(.text)
    TAMPER_IRQHandler                        0x080002db   Thumb Code     0  startup_stm32f10x_hd.o(.text)
    TIM1_BRK_IRQHandler                      0x080002db   Thumb Code     0  startup_stm32f10x_hd.o(.text)
    TIM1_CC_IRQHandler                       0x080002db   Thumb Code     0  startup_stm32f10x_hd.o(.text)
    TIM1_TRG_COM_IRQHandler                  0x080002db   Thumb Code     0  startup_stm32f10x_hd.o(.text)
    TIM2_IRQHandler                          0x080002db   Thumb Code     0  startup_stm32f10x_hd.o(.text)
    TIM3_IRQHandler                          0x080002db   Thumb Code     0  startup_stm32f10x_hd.o(.text)
    TIM4_IRQHandler                          0x080002db   Thumb Code     0  startup_stm32f10x_hd.o(.text)
    TIM5_IRQHandler                          0x080002db   Thumb Code     0  startup_stm32f10x_hd.o(.text)
    TIM6_IRQHandler                          0x080002db   Thumb Code     0  startup_stm32f10x_hd.o(.text)
    TIM7_IRQHandler                          0x080002db   Thumb Code     0  startup_stm32f10x_hd.o(.text)
    TIM8_BRK_IRQHandler                      0x080002db   Thumb Code     0  startup_stm32f10x_hd.o(.text)
    TIM8_CC_IRQHandler                       0x080002db   Thumb Code     0  startup_stm32f10x_hd.o(.text)
    TIM8_TRG_COM_IRQHandler                  0x080002db   Thumb Code     0  startup_stm32f10x_hd.o(.text)
    TIM8_UP_IRQHandler                       0x080002db   Thumb Code     0  startup_stm32f10x_hd.o(.text)
    UART4_IRQHandler                         0x080002db   Thumb Code     0  startup_stm32f10x_hd.o(.text)
    UART5_IRQHandler                         0x080002db   Thumb Code     0  startup_stm32f10x_hd.o(.text)
    USART2_IRQHandler                        0x080002db   Thumb Code     0  startup_stm32f10x_hd.o(.text)
    USART3_IRQHandler                        0x080002db   Thumb Code     0  startup_stm32f10x_hd.o(.text)
    USBWakeUp_IRQHandler                     0x080002db   Thumb Code     0  startup_stm32f10x_hd.o(.text)
    USB_HP_CAN1_TX_IRQHandler                0x080002db   Thumb Code     0  startup_stm32f10x_hd.o(.text)
    USB_LP_CAN1_RX0_IRQHandler               0x080002db   Thumb Code     0  startup_stm32f10x_hd.o(.text)
    WWDG_IRQHandler                          0x080002db   Thumb Code     0  startup_stm32f10x_hd.o(.text)
    __user_initial_stackheap                 0x080002dd   Thumb Code     0  startup_stm32f10x_hd.o(.text)
    malloc                                   0x08000301   Thumb Code    94  h1_alloc.o(.text)
    __c89vsnprintf                           0x08000361   Thumb Code    48  c89vsnprintf.o(.text)
    atoi                                     0x08000395   Thumb Code    26  atoi.o(.text)
    __aeabi_memclr4                          0x080003af   Thumb Code     0  rt_memclr_w.o(.text)
    __aeabi_memclr8                          0x080003af   Thumb Code     0  rt_memclr_w.o(.text)
    __rt_memclr_w                            0x080003af   Thumb Code    78  rt_memclr_w.o(.text)
    _memset_w                                0x080003b3   Thumb Code     0  rt_memclr_w.o(.text)
    strcmp                                   0x080003fd   Thumb Code   128  strcmpv7m.o(.text)
    __use_two_region_memory                  0x0800047d   Thumb Code     2  heapauxi.o(.text)
    __rt_heap_escrow                         0x0800047f   Thumb Code     2  heapauxi.o(.text)
    __rt_heap_expand                         0x08000481   Thumb Code     2  heapauxi.o(.text)
    __rt_heap_descriptor                     0x08000485   Thumb Code     8  rt_heap_descriptor_intlibspace.o(.text)
    __aeabi_errno_addr                       0x0800048d   Thumb Code     8  rt_errno_addr_intlibspace.o(.text)
    __errno$intlibspace                      0x0800048d   Thumb Code     0  rt_errno_addr_intlibspace.o(.text)
    __rt_errno_addr$intlibspace              0x0800048d   Thumb Code     0  rt_errno_addr_intlibspace.o(.text)
    __use_no_heap                            0x08000495   Thumb Code     2  hguard.o(.text)
    __heap$guard                             0x08000497   Thumb Code     2  hguard.o(.text)
    _terminate_user_alloc                    0x08000499   Thumb Code     2  init_alloc.o(.text)
    _init_user_alloc                         0x0800049b   Thumb Code     2  init_alloc.o(.text)
    __Heap_Full                              0x0800049d   Thumb Code    34  init_alloc.o(.text)
    __Heap_Broken                            0x080004bf   Thumb Code     6  init_alloc.o(.text)
    _init_alloc                              0x080004c5   Thumb Code    94  init_alloc.o(.text)
    __Heap_Initialize                        0x08000523   Thumb Code    10  h1_init.o(.text)
    __Heap_DescSize                          0x0800052d   Thumb Code     4  h1_init.o(.text)
    free                                     0x08000531   Thumb Code    78  h1_free.o(.text)
    __read_errno                             0x0800057f   Thumb Code    10  _rserrno.o(.text)
    __set_errno                              0x08000589   Thumb Code    12  _rserrno.o(.text)
    _printf_pre_padding                      0x08000595   Thumb Code    44  _printf_pad.o(.text)
    _printf_post_padding                     0x080005c1   Thumb Code    34  _printf_pad.o(.text)
    _printf_truncate_signed                  0x080005e3   Thumb Code    18  _printf_truncate.o(.text)
    _printf_truncate_unsigned                0x080005f5   Thumb Code    18  _printf_truncate.o(.text)
    _printf_str                              0x08000607   Thumb Code    82  _printf_str.o(.text)
    _printf_int_dec                          0x08000659   Thumb Code   104  _printf_dec.o(.text)
    _printf_charcount                        0x080006d1   Thumb Code    40  _printf_charcount.o(.text)
    _printf_char_common                      0x08000703   Thumb Code    32  _printf_char_common.o(.text)
    _sputc                                   0x08000729   Thumb Code    10  _sputc.o(.text)
    _snputc                                  0x08000733   Thumb Code    16  _snputc.o(.text)
    _printf_wctomb                           0x08000745   Thumb Code   182  _printf_wctomb.o(.text)
    _printf_longlong_dec                     0x08000801   Thumb Code   108  _printf_longlong_dec.o(.text)
    _printf_longlong_oct                     0x0800087d   Thumb Code    68  _printf_oct_int_ll.o(.text)
    _printf_int_oct                          0x080008c1   Thumb Code    24  _printf_oct_int_ll.o(.text)
    _printf_ll_oct                           0x080008d9   Thumb Code    12  _printf_oct_int_ll.o(.text)
    _printf_longlong_hex                     0x080008ed   Thumb Code    86  _printf_hex_int_ll_ptr.o(.text)
    _printf_int_hex                          0x08000943   Thumb Code    28  _printf_hex_int_ll_ptr.o(.text)
    _printf_ll_hex                           0x0800095f   Thumb Code    12  _printf_hex_int_ll_ptr.o(.text)
    _printf_hex_ptr                          0x0800096b   Thumb Code    18  _printf_hex_int_ll_ptr.o(.text)
    __printf                                 0x08000981   Thumb Code   388  __printf_flags_ss_wp.o(.text)
    __strtod_int                             0x08000b45   Thumb Code    88  strtod.o(.text)
    strtol                                   0x08000ba9   Thumb Code   112  strtol.o(.text)
    __user_libspace                          0x08000c19   Thumb Code     8  libspace.o(.text)
    __user_perproc_libspace                  0x08000c19   Thumb Code     0  libspace.o(.text)
    __user_perthread_libspace                0x08000c19   Thumb Code     0  libspace.o(.text)
    __rt_ctype_table                         0x08000c21   Thumb Code    16  rt_ctype_table.o(.text)
    __Heap_ProvideMemory                     0x08000c31   Thumb Code    52  h1_extend.o(.text)
    _ll_udiv10                               0x08000c65   Thumb Code   138  lludiv10.o(.text)
    isspace                                  0x08000cef   Thumb Code    18  isspace.o(.text)
    _printf_int_common                       0x08000d01   Thumb Code   178  _printf_intcommon.o(.text)
    __lib_sel_fp_printf                      0x08000db3   Thumb Code     2  _printf_fp_dec.o(.text)
    _printf_fp_dec_real                      0x08000f61   Thumb Code   620  _printf_fp_dec.o(.text)
    _printf_cs_common                        0x080011cd   Thumb Code    20  _printf_char.o(.text)
    _printf_char                             0x080011e1   Thumb Code    16  _printf_char.o(.text)
    _printf_string                           0x080011f1   Thumb Code     8  _printf_char.o(.text)
    _printf_lcs_common                       0x080011f9   Thumb Code    20  _printf_wchar.o(.text)
    _printf_wchar                            0x0800120d   Thumb Code    16  _printf_wchar.o(.text)
    _printf_wstring                          0x0800121d   Thumb Code     8  _printf_wchar.o(.text)
    _sgetc                                   0x08001225   Thumb Code    30  _sgetc.o(.text)
    _sbackspace                              0x08001243   Thumb Code    34  _sgetc.o(.text)
    _strtoul                                 0x08001265   Thumb Code   158  _strtoul.o(.text)
    _wcrtomb                                 0x08001303   Thumb Code    64  _wcrtomb.o(.text)
    __rt_SIGRTMEM                            0x08001343   Thumb Code    14  defsig_rtmem_outer.o(.text)
    __I$use$semihosting                      0x08001351   Thumb Code     0  use_no_semi.o(.text)
    __use_no_semihosting_swi                 0x08001351   Thumb Code     2  use_no_semi.o(.text)
    __semihosting_library_function           0x08001353   Thumb Code     0  indicate_semi.o(.text)
    __user_setup_stackheap                   0x08001353   Thumb Code    74  sys_stackheap_outer.o(.text)
    __rt_locale                              0x0800139d   Thumb Code     8  rt_locale_intlibspace.o(.text)
    _printf_fp_infnan                        0x080013a5   Thumb Code   112  _printf_fp_infnan.o(.text)
    _chval                                   0x08001425   Thumb Code    28  _chval.o(.text)
    _scanf_really_real                       0x0800163d   Thumb Code   668  scanf_fp.o(.text)
    _btod_etento                             0x080018e5   Thumb Code   216  bigflt0.o(.text)
    exit                                     0x080019c1   Thumb Code    12  exit.o(.text)
    __sig_exit                               0x080019cd   Thumb Code    10  defsig_exit.o(.text)
    __rt_SIGRTMEM_inner                      0x080019d9   Thumb Code    22  defsig_rtmem_inner.o(.text)
    _sys_exit                                0x08001a29   Thumb Code     8  sys_exit.o(.text)
    __default_signal_display                 0x08001a35   Thumb Code    50  defsig_general.o(.text)
    _ttywrch                                 0x08001a67   Thumb Code    14  sys_wrch.o(.text)
    _scanf_really_hex_real                   0x08001a75   Thumb Code   778  scanf_hexfp.o(.text)
    _scanf_really_infnan                     0x08001d8d   Thumb Code   292  scanf_infnan.o(.text)
    __aeabi_llsl                             0x08001ec1   Thumb Code     0  llshl.o(.text)
    _ll_shift_l                              0x08001ec1   Thumb Code    38  llshl.o(.text)
    _btod_d2e                                0x08001ee7   Thumb Code    62  btod.o(CL$$btod_d2e)
    _d2e_denorm_low                          0x08001f25   Thumb Code    70  btod.o(CL$$btod_d2e_denorm_low)
    _d2e_norm_op1                            0x08001f6b   Thumb Code    96  btod.o(CL$$btod_d2e_norm_op1)
    __btod_div_common                        0x08001fcb   Thumb Code   696  btod.o(CL$$btod_div_common)
    _e2d                                     0x08002305   Thumb Code    80  btod.o(CL$$btod_e2d)
    _e2e                                     0x08002359   Thumb Code   198  btod.o(CL$$btod_e2e)
    _btod_ediv                               0x0800241f   Thumb Code    40  btod.o(CL$$btod_ediv)
    _btod_edivd                              0x08002447   Thumb Code    40  btod.o(CL$$btod_edivd)
    _btod_emul                               0x0800246f   Thumb Code    40  btod.o(CL$$btod_emul)
    _btod_emuld                              0x08002497   Thumb Code    40  btod.o(CL$$btod_emuld)
    __btod_mult_common                       0x080024bf   Thumb Code   580  btod.o(CL$$btod_mult_common)
    ADC_Cmd                                  0x08002703   Thumb Code    22  stm32f10x_adc.o(i.ADC_Cmd)
    ADC_GetCalibrationStatus                 0x08002719   Thumb Code    20  stm32f10x_adc.o(i.ADC_GetCalibrationStatus)
    ADC_GetConversionValue                   0x0800272d   Thumb Code     8  stm32f10x_adc.o(i.ADC_GetConversionValue)
    ADC_GetFlagStatus                        0x08002735   Thumb Code    18  stm32f10x_adc.o(i.ADC_GetFlagStatus)
    ADC_GetResetCalibrationStatus            0x08002747   Thumb Code    20  stm32f10x_adc.o(i.ADC_GetResetCalibrationStatus)
    ADC_Init                                 0x0800275d   Thumb Code    70  stm32f10x_adc.o(i.ADC_Init)
    ADC_RegularChannelConfig                 0x080027ad   Thumb Code   184  stm32f10x_adc.o(i.ADC_RegularChannelConfig)
    ADC_ResetCalibration                     0x08002865   Thumb Code    10  stm32f10x_adc.o(i.ADC_ResetCalibration)
    ADC_SoftwareStartConvCmd                 0x0800286f   Thumb Code    22  stm32f10x_adc.o(i.ADC_SoftwareStartConvCmd)
    ADC_StartCalibration                     0x08002885   Thumb Code    10  stm32f10x_adc.o(i.ADC_StartCalibration)
    BusFault_Handler                         0x0800288f   Thumb Code     4  stm32f10x_it.o(i.BusFault_Handler)
    CheckWater                               0x08002895   Thumb Code   592  main.o(i.CheckWater)
    DebugMon_Handler                         0x08002bb1   Thumb Code     2  stm32f10x_it.o(i.DebugMon_Handler)
    FLASH_ClearFlag                          0x08002bb5   Thumb Code     6  stm32f10x_flash.o(i.FLASH_ClearFlag)
    FLASH_ErasePage                          0x08002bc1   Thumb Code    72  stm32f10x_flash.o(i.FLASH_ErasePage)
    FLASH_GetBank1Status                     0x08002c0d   Thumb Code    48  stm32f10x_flash.o(i.FLASH_GetBank1Status)
    FLASH_Lock                               0x08002c41   Thumb Code    14  stm32f10x_flash.o(i.FLASH_Lock)
    FLASH_PrefetchBufferCmd                  0x08002c55   Thumb Code    22  stm32f10x_flash.o(i.FLASH_PrefetchBufferCmd)
    FLASH_ProgramWord                        0x08002c71   Thumb Code   102  stm32f10x_flash.o(i.FLASH_ProgramWord)
    FLASH_SetLatency                         0x08002cdd   Thumb Code    18  stm32f10x_flash.o(i.FLASH_SetLatency)
    FLASH_Unlock                             0x08002cf5   Thumb Code    12  stm32f10x_flash.o(i.FLASH_Unlock)
    FLASH_WaitForLastOperation               0x08002d0d   Thumb Code    38  stm32f10x_flash.o(i.FLASH_WaitForLastOperation)
    GPIO_Init                                0x08002d33   Thumb Code   278  stm32f10x_gpio.o(i.GPIO_Init)
    GPIO_ReadInputDataBit                    0x08002e49   Thumb Code    18  stm32f10x_gpio.o(i.GPIO_ReadInputDataBit)
    GPIO_ResetBits                           0x08002e5b   Thumb Code     4  stm32f10x_gpio.o(i.GPIO_ResetBits)
    GPIO_SetBits                             0x08002e5f   Thumb Code     4  stm32f10x_gpio.o(i.GPIO_SetBits)
    GPIO_confi                               0x08002e65   Thumb Code   100  gpio.o(i.GPIO_confi)
    GoToNextPos                              0x08002ed5   Thumb Code   114  main.o(i.GoToNextPos)
    HardFault_Handler                        0x08002f5d   Thumb Code     4  stm32f10x_it.o(i.HardFault_Handler)
    MemManage_Handler                        0x08002f61   Thumb Code     4  stm32f10x_it.o(i.MemManage_Handler)
    NMI_Handler                              0x08002f65   Thumb Code     2  stm32f10x_it.o(i.NMI_Handler)
    NVIC_Init                                0x08002f69   Thumb Code   100  misc.o(i.NVIC_Init)
    NVIC_PriorityGroupConfig                 0x08002fd9   Thumb Code    10  misc.o(i.NVIC_PriorityGroupConfig)
    PWM1_init                                0x08002fed   Thumb Code   206  stepmotor.o(i.PWM1_init)
    PendSV_Handler                           0x080030cd   Thumb Code     2  stm32f10x_it.o(i.PendSV_Handler)
    RCC_APB1PeriphClockCmd                   0x080030d1   Thumb Code    26  stm32f10x_rcc.o(i.RCC_APB1PeriphClockCmd)
    RCC_APB2PeriphClockCmd                   0x080030f1   Thumb Code    26  stm32f10x_rcc.o(i.RCC_APB2PeriphClockCmd)
    RCC_DeInit                               0x08003111   Thumb Code    64  stm32f10x_rcc.o(i.RCC_DeInit)
    RCC_GetClocksFreq                        0x0800315d   Thumb Code   192  stm32f10x_rcc.o(i.RCC_GetClocksFreq)
    RCC_GetFlagStatus                        0x08003231   Thumb Code    56  stm32f10x_rcc.o(i.RCC_GetFlagStatus)
    RCC_GetSYSCLKSource                      0x0800326d   Thumb Code    10  stm32f10x_rcc.o(i.RCC_GetSYSCLKSource)
    RCC_HCLKConfig                           0x0800327d   Thumb Code    18  stm32f10x_rcc.o(i.RCC_HCLKConfig)
    RCC_HSEConfig                            0x08003295   Thumb Code    70  stm32f10x_rcc.o(i.RCC_HSEConfig)
    RCC_PCLK1Config                          0x080032e1   Thumb Code    18  stm32f10x_rcc.o(i.RCC_PCLK1Config)
    RCC_PCLK2Config                          0x080032f9   Thumb Code    20  stm32f10x_rcc.o(i.RCC_PCLK2Config)
    RCC_PLLCmd                               0x08003311   Thumb Code     6  stm32f10x_rcc.o(i.RCC_PLLCmd)
    RCC_PLLConfig                            0x0800331d   Thumb Code    24  stm32f10x_rcc.o(i.RCC_PLLConfig)
    RCC_SYSCLKConfig                         0x08003339   Thumb Code    18  stm32f10x_rcc.o(i.RCC_SYSCLKConfig)
    RCC_WaitForHSEStartUp                    0x08003351   Thumb Code    56  stm32f10x_rcc.o(i.RCC_WaitForHSEStartUp)
    SVC_Handler                              0x08003389   Thumb Code     2  stm32f10x_it.o(i.SVC_Handler)
    SysTick_Handler                          0x08003475   Thumb Code     2  stm32f10x_it.o(i.SysTick_Handler)
    SystemInit                               0x08003479   Thumb Code    78  system_stm32f10x.o(i.SystemInit)
    TIM1_UP_IRQHandler                       0x080034d9   Thumb Code   162  stepmotor.o(i.TIM1_UP_IRQHandler)
    TIM_ClearITPendingBit                    0x08003595   Thumb Code     6  stm32f10x_tim.o(i.TIM_ClearITPendingBit)
    TIM_Cmd                                  0x0800359b   Thumb Code    24  stm32f10x_tim.o(i.TIM_Cmd)
    TIM_CtrlPWMOutputs                       0x080035b3   Thumb Code    30  stm32f10x_tim.o(i.TIM_CtrlPWMOutputs)
    TIM_GetITStatus                          0x080035d1   Thumb Code    34  stm32f10x_tim.o(i.TIM_GetITStatus)
    TIM_ITConfig                             0x080035f3   Thumb Code    18  stm32f10x_tim.o(i.TIM_ITConfig)
    TIM_OC1Init                              0x08003605   Thumb Code   132  stm32f10x_tim.o(i.TIM_OC1Init)
    TIM_OC4Init                              0x0800369d   Thumb Code   114  stm32f10x_tim.o(i.TIM_OC4Init)
    TIM_SetCompare1                          0x08003719   Thumb Code     4  stm32f10x_tim.o(i.TIM_SetCompare1)
    TIM_SetCompare4                          0x0800371d   Thumb Code     6  stm32f10x_tim.o(i.TIM_SetCompare4)
    TIM_TimeBaseInit                         0x08003725   Thumb Code   122  stm32f10x_tim.o(i.TIM_TimeBaseInit)
    USART1_IRQHandler                        0x080037c9   Thumb Code   310  cmd.o(i.USART1_IRQHandler)
    USART_ClearFlag                          0x08003959   Thumb Code    18  stm32f10x_usart.o(i.USART_ClearFlag)
    USART_ClearITPendingBit                  0x0800396b   Thumb Code    30  stm32f10x_usart.o(i.USART_ClearITPendingBit)
    USART_ClockInit                          0x08003989   Thumb Code    34  stm32f10x_usart.o(i.USART_ClockInit)
    USART_Cmd                                0x080039ab   Thumb Code    24  stm32f10x_usart.o(i.USART_Cmd)
    USART_GetFlagStatus                      0x080039c3   Thumb Code    26  stm32f10x_usart.o(i.USART_GetFlagStatus)
    USART_GetITStatus                        0x080039dd   Thumb Code    84  stm32f10x_usart.o(i.USART_GetITStatus)
    USART_ITConfig                           0x08003a31   Thumb Code    74  stm32f10x_usart.o(i.USART_ITConfig)
    USART_Init                               0x08003a7d   Thumb Code   210  stm32f10x_usart.o(i.USART_Init)
    USART_ReceiveData                        0x08003b55   Thumb Code    10  stm32f10x_usart.o(i.USART_ReceiveData)
    USART_SendData                           0x08003b5f   Thumb Code     8  stm32f10x_usart.o(i.USART_SendData)
    UsageFault_Handler                       0x08003b67   Thumb Code     4  stm32f10x_it.o(i.UsageFault_Handler)
    Usart_init                               0x08003b6d   Thumb Code   228  usart.o(i.Usart_init)
    __ARM_fpclassify                         0x08003c6d   Thumb Code    40  fpclassify.o(i.__ARM_fpclassify)
    __mathlib_dbl_overflow                   0x08003c95   Thumb Code    14  dunder.o(i.__mathlib_dbl_overflow)
    __mathlib_dbl_underflow                  0x08003ca5   Thumb Code    10  dunder.o(i.__mathlib_dbl_underflow)
    __mathlib_narrow                         0x08003cb5   Thumb Code    16  narrow.o(i.__mathlib_narrow)
    __mathlib_tofloat                        0x08003cc5   Thumb Code   132  narrow.o(i.__mathlib_tofloat)
    __support_ldexp                          0x08003d4d   Thumb Code    22  ldexp.o(i.__support_ldexp)
    _is_digit                                0x08003d63   Thumb Code    14  __printf_wp.o(i._is_digit)
    addWaterMotor                            0x08003d71   Thumb Code    26  gpio.o(i.addWaterMotor)
    atof                                     0x08003d91   Thumb Code    42  atof.o(i.atof)
    cmd_exec                                 0x08003dbd   Thumb Code    84  cmd.o(i.cmd_exec)
    cmd_fish                                 0x08003e1d   Thumb Code    30  cmd.o(i.cmd_fish)
    cmd_get                                  0x08003e5d   Thumb Code    90  cmd.o(i.cmd_get)
    cmd_help_func                            0x08003eed   Thumb Code    70  cmd.o(i.cmd_help_func)
    cmd_home                                 0x08003f59   Thumb Code    22  cmd.o(i.cmd_home)
    cmd_init                                 0x08003f8d   Thumb Code    26  cmd.o(i.cmd_init)
    cmd_motor                                0x08003fad   Thumb Code    60  cmd.o(i.cmd_motor)
    cmd_parse                                0x08004009   Thumb Code   136  cmd.o(i.cmd_parse)
    cmd_reboot                               0x08004091   Thumb Code    32  cmd.o(i.cmd_reboot)
    cmd_run                                  0x080040b9   Thumb Code    96  cmd.o(i.cmd_run)
    cmd_setSalt                              0x08004155   Thumb Code   138  cmd.o(i.cmd_setSalt)
    cmd_setTemp                              0x08004209   Thumb Code   138  cmd.o(i.cmd_setTemp)
    cmd_stop                                 0x080042bd   Thumb Code    22  cmd.o(i.cmd_stop)
    ctrlMotor                                0x080042ed   Thumb Code    58  stepmotor.o(i.ctrlMotor)
    delay_ms                                 0x08004331   Thumb Code    56  tim.o(i.delay_ms)
    fishMotor                                0x08004369   Thumb Code    30  gpio.o(i.fishMotor)
    frexp                                    0x0800438d   Thumb Code    80  frexp.o(i.frexp)
    get_salt                                 0x080043e5   Thumb Code   182  adc.o(i.get_salt)
    get_temp                                 0x080044b1   Thumb Code   160  adc.o(i.get_temp)
    gpio_init                                0x08004569   Thumb Code    32  gpio.o(i.gpio_init)
    ldexp                                    0x08004589   Thumb Code   116  ldexp.o(i.ldexp)
    main                                     0x080045fd   Thumb Code   530  main.o(i.main)
    mixUpMotor                               0x080048bd   Thumb Code    26  gpio.o(i.mixUpMotor)
    motorInit                                0x080048dd   Thumb Code    38  stepmotor.o(i.motorInit)
    rcc_init                                 0x08004909   Thumb Code    84  rcc.o(i.rcc_init)
    saltAndTempInit                          0x0800495d   Thumb Code   212  adc.o(i.saltAndTempInit)
    saltMotor                                0x08004a45   Thumb Code    30  gpio.o(i.saltMotor)
    setPos                                   0x08004a69   Thumb Code   102  stepmotor.o(i.setPos)
    system_clk_set                           0x08004add   Thumb Code   106  rcc.o(i.system_clk_set)
    uprintf                                  0x08004b47   Thumb Code   138  usart.o(i.uprintf)
    _get_lc_numeric                          0x08004bd1   Thumb Code    44  lc_numeric_c.o(locale$$code)
    _get_lc_ctype                            0x08004bfd   Thumb Code    44  lc_ctype_c.o(locale$$code)
    __aeabi_d2f                              0x08004c29   Thumb Code     0  d2f.o(x$fpl$d2f)
    _d2f                                     0x08004c29   Thumb Code    98  d2f.o(x$fpl$d2f)
    __fpl_dcheck_NaN1                        0x08004c8d   Thumb Code    10  dcheck1.o(x$fpl$dcheck1)
    __fpl_dcmp_Inf                           0x08004c9d   Thumb Code    24  dcmpi.o(x$fpl$dcmpinf)
    __aeabi_ddiv                             0x08004cb5   Thumb Code     0  ddiv.o(x$fpl$ddiv)
    _ddiv                                    0x08004cb5   Thumb Code   552  ddiv.o(x$fpl$ddiv)
    __aeabi_cdcmpeq                          0x08004f65   Thumb Code     0  deqf.o(x$fpl$deqf)
    _dcmpeq                                  0x08004f65   Thumb Code   120  deqf.o(x$fpl$deqf)
    __aeabi_i2d                              0x08004fdd   Thumb Code     0  dflt_clz.o(x$fpl$dflt)
    _dflt                                    0x08004fdd   Thumb Code    46  dflt_clz.o(x$fpl$dflt)
    __aeabi_cdcmple                          0x0800500d   Thumb Code     0  dleqf.o(x$fpl$dleqf)
    _dcmple                                  0x0800500d   Thumb Code   120  dleqf.o(x$fpl$dleqf)
    __fpl_dcmple_InfNaN                      0x0800506f   Thumb Code     0  dleqf.o(x$fpl$dleqf)
    __aeabi_dmul                             0x08005085   Thumb Code     0  dmul.o(x$fpl$dmul)
    _dmul                                    0x08005085   Thumb Code   332  dmul.o(x$fpl$dmul)
    __fpl_dnaninf                            0x080051d9   Thumb Code   156  dnaninf.o(x$fpl$dnaninf)
    __fpl_dretinf                            0x08005275   Thumb Code    12  dretinf.o(x$fpl$dretinf)
    __aeabi_cdrcmple                         0x08005281   Thumb Code     0  drleqf.o(x$fpl$drleqf)
    _drcmple                                 0x08005281   Thumb Code   108  drleqf.o(x$fpl$drleqf)
    __aeabi_f2d                              0x080052ed   Thumb Code     0  f2d.o(x$fpl$f2d)
    _f2d                                     0x080052ed   Thumb Code    86  f2d.o(x$fpl$f2d)
    __aeabi_fadd                             0x08005345   Thumb Code     0  faddsub_clz.o(x$fpl$fadd)
    _fadd                                    0x08005345   Thumb Code   196  faddsub_clz.o(x$fpl$fadd)
    __fpl_fcmp_Inf                           0x08005409   Thumb Code    24  fcmpi.o(x$fpl$fcmpinf)
    __aeabi_cfcmple                          0x08005421   Thumb Code     0  fleqf.o(x$fpl$fleqf)
    _fcmple                                  0x08005421   Thumb Code   104  fleqf.o(x$fpl$fleqf)
    __fpl_fcmple_InfNaN                      0x08005473   Thumb Code     0  fleqf.o(x$fpl$fleqf)
    __fpl_fnaninf                            0x08005489   Thumb Code   140  fnaninf.o(x$fpl$fnaninf)
    __fpl_fretinf                            0x08005515   Thumb Code    10  fretinf.o(x$fpl$fretinf)
    __aeabi_cfrcmple                         0x0800551f   Thumb Code     0  frleqf.o(x$fpl$frleqf)
    _frcmple                                 0x0800551f   Thumb Code    98  frleqf.o(x$fpl$frleqf)
    __aeabi_fsub                             0x08005581   Thumb Code     0  faddsub_clz.o(x$fpl$fsub)
    _fsub                                    0x08005581   Thumb Code   234  faddsub_clz.o(x$fpl$fsub)
    _printf_fp_dec                           0x0800566b   Thumb Code     4  printf1.o(x$fpl$printf1)
    __fpl_return_NaN                         0x0800566f   Thumb Code   100  retnan.o(x$fpl$retnan)
    __ARM_scalbn                             0x080056d3   Thumb Code    92  scalbn.o(x$fpl$scalbn)
    _scanf_real                              0x0800572f   Thumb Code     4  scanf1.o(x$fpl$scanf1)
    _scanf_hex_real                          0x08005733   Thumb Code     4  scanf2.o(x$fpl$scanf2)
    _scanf_infnan                            0x08005737   Thumb Code     4  scanf2.o(x$fpl$scanf2)
    __fpl_cmpreturn                          0x0800573b   Thumb Code    48  trapv.o(x$fpl$trapveneer)
    __I$use$fp                               0x0800576a   Number         0  usenofp.o(x$fpl$usenofp)
    Region$$Table$$Base                      0x08005844   Number         0  anon$$obj.o(Region$$Table)
    Region$$Table$$Limit                     0x08005864   Number         0  anon$$obj.o(Region$$Table)
    __aeabi_HUGE_VAL                         0x08005864   Data           0  fpconst.o(c$$dinf)
    __aeabi_HUGE_VALL                        0x08005864   Data           0  fpconst.o(c$$dinf)
    __aeabi_INFINITY                         0x08005864   Data           0  fpconst.o(c$$dinf)
    __dInf                                   0x08005864   Data           0  fpconst.o(c$$dinf)
    __huge_val                               0x08005864   Data           0  fpconst.o(c$$dinf)
    __ctype                                  0x08005895   Data           0  lc_ctype_c.o(locale$$data)
    area                                     0x20000000   Data          32  main.o(.data)
    Pos_Now                                  0x20000020   Data           8  main.o(.data)
    Pos_Next                                 0x20000028   Data           8  main.o(.data)
    state                                    0x20000030   Data           1  main.o(.data)
    checkDone_Flag                           0x20000031   Data           1  main.o(.data)
    Run_Flag                                 0x20000032   Data           1  main.o(.data)
    SALT_MAX                                 0x20000034   Data           4  main.o(.data)
    SALT_MIN                                 0x20000038   Data           4  main.o(.data)
    TEMP_MAX                                 0x2000003c   Data           4  main.o(.data)
    TEMP_MIN                                 0x20000040   Data           4  main.o(.data)
    GPIO_InitStructure                       0x20000044   Data           4  usart.o(.data)
    NVIC_InitStructure                       0x20000048   Data           4  usart.o(.data)
    USART_ClockInitStruct                    0x2000004c   Data           8  usart.o(.data)
    doingWhat                                0x20000054   Data           1  cmd.o(.data)
    MotorSetAndDone_Flag                     0x20000240   Data           1  stepmotor.o(.data)
    fishMotorRun_Flag                        0x20000242   Data           2  stepmotor.o(.data)
    motor_X_CNT                              0x20000244   Data           4  stepmotor.o(.data)
    motor_Y_CNT                              0x20000248   Data           4  stepmotor.o(.data)
    period                                   0x2000024c   Data           4  stepmotor.o(.data)
    GPIO_initstruct                          0x20000250   Data           4  adc.o(.data)
    USART_InitStructure                      0x20000268   Data          16  usart.o(.bss)
    ADC_initstruct                           0x200002a8   Data          20  adc.o(.bss)
    __libspace_start                         0x200002e4   Data          96  libspace.o(.bss)
    __temporary_stack_top$libspace           0x20000344   Data           0  libspace.o(.bss)



==============================================================================

Memory Map of the image

  Image Entry point : 0x08000131

  Load Region LR_IROM1 (Base: 0x08000000, Size: 0x00005c00, Max: 0x00040000, ABSOLUTE, COMPRESSED[0x00005a6c])

    Execution Region ER_IROM1 (Base: 0x08000000, Size: 0x00005998, Max: 0x00040000, ABSOLUTE)

    Base Addr    Size         Type   Attr      Idx    E Section Name        Object

    0x08000000   0x00000130   Data   RO         3567    RESET               startup_stm32f10x_hd.o
    0x08000130   0x00000008   Code   RO         4235  * !!!main             c_w.l(__main.o)
    0x08000138   0x00000034   Code   RO         4737    !!!scatter          c_w.l(__scatter.o)
    0x0800016c   0x0000005a   Code   RO         4735    !!dczerorl2         c_w.l(__dczerorl2.o)
    0x080001c6   0x00000002   PAD
    0x080001c8   0x0000001c   Code   RO         4739    !!handler_zi        c_w.l(__scatter_zi.o)
    0x080001e4   0x00000000   Code   RO         4393    .ARM.Collect$$_printf_percent$$00000000  c_w.l(_printf_percent.o)
    0x080001e4   0x00000006   Code   RO         4382    .ARM.Collect$$_printf_percent$$00000001  c_w.l(_printf_n.o)
    0x080001ea   0x00000006   Code   RO         4384    .ARM.Collect$$_printf_percent$$00000002  c_w.l(_printf_p.o)
    0x080001f0   0x00000006   Code   RO         4389    .ARM.Collect$$_printf_percent$$00000003  c_w.l(_printf_f.o)
    0x080001f6   0x00000006   Code   RO         4390    .ARM.Collect$$_printf_percent$$00000004  c_w.l(_printf_e.o)
    0x080001fc   0x00000006   Code   RO         4391    .ARM.Collect$$_printf_percent$$00000005  c_w.l(_printf_g.o)
    0x08000202   0x00000006   Code   RO         4392    .ARM.Collect$$_printf_percent$$00000006  c_w.l(_printf_a.o)
    0x08000208   0x0000000a   Code   RO         4397    .ARM.Collect$$_printf_percent$$00000007  c_w.l(_printf_ll.o)
    0x08000212   0x00000006   Code   RO         4386    .ARM.Collect$$_printf_percent$$00000008  c_w.l(_printf_i.o)
    0x08000218   0x00000006   Code   RO         4387    .ARM.Collect$$_printf_percent$$00000009  c_w.l(_printf_d.o)
    0x0800021e   0x00000006   Code   RO         4388    .ARM.Collect$$_printf_percent$$0000000A  c_w.l(_printf_u.o)
    0x08000224   0x00000006   Code   RO         4385    .ARM.Collect$$_printf_percent$$0000000B  c_w.l(_printf_o.o)
    0x0800022a   0x00000006   Code   RO         4383    .ARM.Collect$$_printf_percent$$0000000C  c_w.l(_printf_x.o)
    0x08000230   0x00000006   Code   RO         4394    .ARM.Collect$$_printf_percent$$0000000D  c_w.l(_printf_lli.o)
    0x08000236   0x00000006   Code   RO         4395    .ARM.Collect$$_printf_percent$$0000000E  c_w.l(_printf_lld.o)
    0x0800023c   0x00000006   Code   RO         4396    .ARM.Collect$$_printf_percent$$0000000F  c_w.l(_printf_llu.o)
    0x08000242   0x00000006   Code   RO         4401    .ARM.Collect$$_printf_percent$$00000010  c_w.l(_printf_llo.o)
    0x08000248   0x00000006   Code   RO         4402    .ARM.Collect$$_printf_percent$$00000011  c_w.l(_printf_llx.o)
    0x0800024e   0x0000000a   Code   RO         4398    .ARM.Collect$$_printf_percent$$00000012  c_w.l(_printf_l.o)
    0x08000258   0x00000006   Code   RO         4380    .ARM.Collect$$_printf_percent$$00000013  c_w.l(_printf_c.o)
    0x0800025e   0x00000006   Code   RO         4381    .ARM.Collect$$_printf_percent$$00000014  c_w.l(_printf_s.o)
    0x08000264   0x00000006   Code   RO         4399    .ARM.Collect$$_printf_percent$$00000015  c_w.l(_printf_lc.o)
    0x0800026a   0x00000006   Code   RO         4400    .ARM.Collect$$_printf_percent$$00000016  c_w.l(_printf_ls.o)
    0x08000270   0x00000004   Code   RO         4515    .ARM.Collect$$_printf_percent$$00000017  c_w.l(_printf_percent_end.o)
    0x08000274   0x00000002   Code   RO         4603    .ARM.Collect$$libinit$$00000000  c_w.l(libinit.o)
    0x08000276   0x00000000   Code   RO         4412    .ARM.Collect$$libinit$$00000002  c_w.l(libinit2.o)
    0x08000276   0x00000000   Code   RO         4414    .ARM.Collect$$libinit$$00000004  c_w.l(libinit2.o)
    0x08000276   0x00000008   Code   RO         4415    .ARM.Collect$$libinit$$00000005  c_w.l(libinit2.o)
    0x0800027e   0x00000000   Code   RO         4417    .ARM.Collect$$libinit$$0000000A  c_w.l(libinit2.o)
    0x0800027e   0x00000000   Code   RO         4419    .ARM.Collect$$libinit$$0000000C  c_w.l(libinit2.o)
    0x0800027e   0x00000000   Code   RO         4421    .ARM.Collect$$libinit$$0000000E  c_w.l(libinit2.o)
    0x0800027e   0x00000006   Code   RO         4422    .ARM.Collect$$libinit$$0000000F  c_w.l(libinit2.o)
    0x08000284   0x00000000   Code   RO         4424    .ARM.Collect$$libinit$$00000011  c_w.l(libinit2.o)
    0x08000284   0x0000000c   Code   RO         4425    .ARM.Collect$$libinit$$00000012  c_w.l(libinit2.o)
    0x08000290   0x00000000   Code   RO         4426    .ARM.Collect$$libinit$$00000013  c_w.l(libinit2.o)
    0x08000290   0x00000000   Code   RO         4428    .ARM.Collect$$libinit$$00000015  c_w.l(libinit2.o)
    0x08000290   0x0000000a   Code   RO         4429    .ARM.Collect$$libinit$$00000016  c_w.l(libinit2.o)
    0x0800029a   0x00000000   Code   RO         4430    .ARM.Collect$$libinit$$00000017  c_w.l(libinit2.o)
    0x0800029a   0x00000000   Code   RO         4432    .ARM.Collect$$libinit$$00000019  c_w.l(libinit2.o)
    0x0800029a   0x00000000   Code   RO         4434    .ARM.Collect$$libinit$$0000001B  c_w.l(libinit2.o)
    0x0800029a   0x00000000   Code   RO         4436    .ARM.Collect$$libinit$$0000001D  c_w.l(libinit2.o)
    0x0800029a   0x00000000   Code   RO         4438    .ARM.Collect$$libinit$$0000001F  c_w.l(libinit2.o)
    0x0800029a   0x00000000   Code   RO         4440    .ARM.Collect$$libinit$$00000021  c_w.l(libinit2.o)
    0x0800029a   0x00000000   Code   RO         4442    .ARM.Collect$$libinit$$00000023  c_w.l(libinit2.o)
    0x0800029a   0x00000000   Code   RO         4444    .ARM.Collect$$libinit$$00000025  c_w.l(libinit2.o)
    0x0800029a   0x00000000   Code   RO         4448    .ARM.Collect$$libinit$$0000002C  c_w.l(libinit2.o)
    0x0800029a   0x00000000   Code   RO         4450    .ARM.Collect$$libinit$$0000002E  c_w.l(libinit2.o)
    0x0800029a   0x00000000   Code   RO         4452    .ARM.Collect$$libinit$$00000030  c_w.l(libinit2.o)
    0x0800029a   0x00000000   Code   RO         4454    .ARM.Collect$$libinit$$00000032  c_w.l(libinit2.o)
    0x0800029a   0x00000002   Code   RO         4455    .ARM.Collect$$libinit$$00000033  c_w.l(libinit2.o)
    0x0800029c   0x00000002   Code   RO         4691    .ARM.Collect$$libshutdown$$00000000  c_w.l(libshutdown.o)
    0x0800029e   0x00000000   Code   RO         4622    .ARM.Collect$$libshutdown$$00000003  c_w.l(libshutdown2.o)
    0x0800029e   0x00000000   Code   RO         4625    .ARM.Collect$$libshutdown$$00000006  c_w.l(libshutdown2.o)
    0x0800029e   0x00000000   Code   RO         4628    .ARM.Collect$$libshutdown$$00000009  c_w.l(libshutdown2.o)
    0x0800029e   0x00000000   Code   RO         4630    .ARM.Collect$$libshutdown$$0000000B  c_w.l(libshutdown2.o)
    0x0800029e   0x00000000   Code   RO         4633    .ARM.Collect$$libshutdown$$0000000E  c_w.l(libshutdown2.o)
    0x0800029e   0x00000002   Code   RO         4634    .ARM.Collect$$libshutdown$$0000000F  c_w.l(libshutdown2.o)
    0x080002a0   0x00000000   Code   RO         4271    .ARM.Collect$$rtentry$$00000000  c_w.l(__rtentry.o)
    0x080002a0   0x00000000   Code   RO         4477    .ARM.Collect$$rtentry$$00000002  c_w.l(__rtentry2.o)
    0x080002a0   0x00000006   Code   RO         4489    .ARM.Collect$$rtentry$$00000004  c_w.l(__rtentry4.o)
    0x080002a6   0x00000000   Code   RO         4479    .ARM.Collect$$rtentry$$00000009  c_w.l(__rtentry2.o)
    0x080002a6   0x00000004   Code   RO         4480    .ARM.Collect$$rtentry$$0000000A  c_w.l(__rtentry2.o)
    0x080002aa   0x00000000   Code   RO         4482    .ARM.Collect$$rtentry$$0000000C  c_w.l(__rtentry2.o)
    0x080002aa   0x00000008   Code   RO         4483    .ARM.Collect$$rtentry$$0000000D  c_w.l(__rtentry2.o)
    0x080002b2   0x00000002   Code   RO         4610    .ARM.Collect$$rtexit$$00000000  c_w.l(rtexit.o)
    0x080002b4   0x00000000   Code   RO         4653    .ARM.Collect$$rtexit$$00000002  c_w.l(rtexit2.o)
    0x080002b4   0x00000004   Code   RO         4654    .ARM.Collect$$rtexit$$00000003  c_w.l(rtexit2.o)
    0x080002b8   0x00000006   Code   RO         4655    .ARM.Collect$$rtexit$$00000004  c_w.l(rtexit2.o)
    0x080002be   0x00000002   PAD
    0x080002c0   0x00000000   Code   RO         4495    .emb_text           c_w.l(maybetermalloc1.o)
    0x080002c0   0x00000040   Code   RO         3568    .text               startup_stm32f10x_hd.o
    0x08000300   0x0000005e   Code   RO         4169    .text               c_w.l(h1_alloc.o)
    0x0800035e   0x00000002   PAD
    0x08000360   0x00000034   Code   RO         4223    .text               c_w.l(c89vsnprintf.o)
    0x08000394   0x0000001a   Code   RO         4225    .text               c_w.l(atoi.o)
    0x080003ae   0x0000004e   Code   RO         4229    .text               c_w.l(rt_memclr_w.o)
    0x080003fc   0x00000080   Code   RO         4231    .text               c_w.l(strcmpv7m.o)
    0x0800047c   0x00000006   Code   RO         4233    .text               c_w.l(heapauxi.o)
    0x08000482   0x00000002   PAD
    0x08000484   0x00000008   Code   RO         4275    .text               c_w.l(rt_heap_descriptor_intlibspace.o)
    0x0800048c   0x00000008   Code   RO         4280    .text               c_w.l(rt_errno_addr_intlibspace.o)
    0x08000494   0x00000004   Code   RO         4282    .text               c_w.l(hguard.o)
    0x08000498   0x0000008a   Code   RO         4284    .text               c_w.l(init_alloc.o)
    0x08000522   0x0000000e   Code   RO         4290    .text               c_w.l(h1_init.o)
    0x08000530   0x0000004e   Code   RO         4292    .text               c_w.l(h1_free.o)
    0x0800057e   0x00000016   Code   RO         4308    .text               c_w.l(_rserrno.o)
    0x08000594   0x0000004e   Code   RO         4312    .text               c_w.l(_printf_pad.o)
    0x080005e2   0x00000024   Code   RO         4314    .text               c_w.l(_printf_truncate.o)
    0x08000606   0x00000052   Code   RO         4316    .text               c_w.l(_printf_str.o)
    0x08000658   0x00000078   Code   RO         4318    .text               c_w.l(_printf_dec.o)
    0x080006d0   0x00000028   Code   RO         4320    .text               c_w.l(_printf_charcount.o)
    0x080006f8   0x00000030   Code   RO         4322    .text               c_w.l(_printf_char_common.o)
    0x08000728   0x0000000a   Code   RO         4324    .text               c_w.l(_sputc.o)
    0x08000732   0x00000010   Code   RO         4326    .text               c_w.l(_snputc.o)
    0x08000742   0x00000002   PAD
    0x08000744   0x000000bc   Code   RO         4328    .text               c_w.l(_printf_wctomb.o)
    0x08000800   0x0000007c   Code   RO         4331    .text               c_w.l(_printf_longlong_dec.o)
    0x0800087c   0x00000070   Code   RO         4337    .text               c_w.l(_printf_oct_int_ll.o)
    0x080008ec   0x00000094   Code   RO         4357    .text               c_w.l(_printf_hex_int_ll_ptr.o)
    0x08000980   0x00000188   Code   RO         4377    .text               c_w.l(__printf_flags_ss_wp.o)
    0x08000b08   0x000000a0   Code   RO         4403    .text               c_w.l(strtod.o)
    0x08000ba8   0x00000070   Code   RO         4405    .text               c_w.l(strtol.o)
    0x08000c18   0x00000008   Code   RO         4473    .text               c_w.l(libspace.o)
    0x08000c20   0x00000010   Code   RO         4491    .text               c_w.l(rt_ctype_table.o)
    0x08000c30   0x00000034   Code   RO         4497    .text               c_w.l(h1_extend.o)
    0x08000c64   0x0000008a   Code   RO         4501    .text               c_w.l(lludiv10.o)
    0x08000cee   0x00000012   Code   RO         4503    .text               c_w.l(isspace.o)
    0x08000d00   0x000000b2   Code   RO         4505    .text               c_w.l(_printf_intcommon.o)
    0x08000db2   0x0000041a   Code   RO         4507    .text               c_w.l(_printf_fp_dec.o)
    0x080011cc   0x0000002c   Code   RO         4511    .text               c_w.l(_printf_char.o)
    0x080011f8   0x0000002c   Code   RO         4513    .text               c_w.l(_printf_wchar.o)
    0x08001224   0x00000040   Code   RO         4516    .text               c_w.l(_sgetc.o)
    0x08001264   0x0000009e   Code   RO         4518    .text               c_w.l(_strtoul.o)
    0x08001302   0x00000040   Code   RO         4520    .text               c_w.l(_wcrtomb.o)
    0x08001342   0x0000000e   Code   RO         4525    .text               c_w.l(defsig_rtmem_outer.o)
    0x08001350   0x00000002   Code   RO         4540    .text               c_w.l(use_no_semi.o)
    0x08001352   0x00000000   Code   RO         4542    .text               c_w.l(indicate_semi.o)
    0x08001352   0x0000004a   Code   RO         4543    .text               c_w.l(sys_stackheap_outer.o)
    0x0800139c   0x00000008   Code   RO         4550    .text               c_w.l(rt_locale_intlibspace.o)
    0x080013a4   0x00000080   Code   RO         4554    .text               c_w.l(_printf_fp_infnan.o)
    0x08001424   0x0000001c   Code   RO         4556    .text               c_w.l(_chval.o)
    0x08001440   0x000004a4   Code   RO         4558    .text               c_w.l(scanf_fp.o)
    0x080018e4   0x000000dc   Code   RO         4560    .text               c_w.l(bigflt0.o)
    0x080019c0   0x0000000c   Code   RO         4588    .text               c_w.l(exit.o)
    0x080019cc   0x0000000a   Code   RO         4590    .text               c_w.l(defsig_exit.o)
    0x080019d6   0x00000002   PAD
    0x080019d8   0x00000050   Code   RO         4592    .text               c_w.l(defsig_rtmem_inner.o)
    0x08001a28   0x0000000c   Code   RO         4608    .text               c_w.l(sys_exit.o)
    0x08001a34   0x00000032   Code   RO         4618    .text               c_w.l(defsig_general.o)
    0x08001a66   0x0000000e   Code   RO         4650    .text               c_w.l(sys_wrch.o)
    0x08001a74   0x00000318   Code   RO         4659    .text               c_w.l(scanf_hexfp.o)
    0x08001d8c   0x00000134   Code   RO         4661    .text               c_w.l(scanf_infnan.o)
    0x08001ec0   0x00000026   Code   RO         4671    .text               c_w.l(llshl.o)
    0x08001ee6   0x0000003e   Code   RO         4563    CL$$btod_d2e        c_w.l(btod.o)
    0x08001f24   0x00000046   Code   RO         4565    CL$$btod_d2e_denorm_low  c_w.l(btod.o)
    0x08001f6a   0x00000060   Code   RO         4564    CL$$btod_d2e_norm_op1  c_w.l(btod.o)
    0x08001fca   0x00000338   Code   RO         4573    CL$$btod_div_common  c_w.l(btod.o)
    0x08002302   0x00000002   PAD
    0x08002304   0x00000054   Code   RO         4571    CL$$btod_e2d        c_w.l(btod.o)
    0x08002358   0x000000c6   Code   RO         4570    CL$$btod_e2e        c_w.l(btod.o)
    0x0800241e   0x00000028   Code   RO         4567    CL$$btod_ediv       c_w.l(btod.o)
    0x08002446   0x00000028   Code   RO         4569    CL$$btod_edivd      c_w.l(btod.o)
    0x0800246e   0x00000028   Code   RO         4566    CL$$btod_emul       c_w.l(btod.o)
    0x08002496   0x00000028   Code   RO         4568    CL$$btod_emuld      c_w.l(btod.o)
    0x080024be   0x00000244   Code   RO         4572    CL$$btod_mult_common  c_w.l(btod.o)
    0x08002702   0x00000016   Code   RO          640    i.ADC_Cmd           stm32f10x_adc.o
    0x08002718   0x00000014   Code   RO          648    i.ADC_GetCalibrationStatus  stm32f10x_adc.o
    0x0800272c   0x00000008   Code   RO          649    i.ADC_GetConversionValue  stm32f10x_adc.o
    0x08002734   0x00000012   Code   RO          651    i.ADC_GetFlagStatus  stm32f10x_adc.o
    0x08002746   0x00000014   Code   RO          654    i.ADC_GetResetCalibrationStatus  stm32f10x_adc.o
    0x0800275a   0x00000002   PAD
    0x0800275c   0x00000050   Code   RO          658    i.ADC_Init          stm32f10x_adc.o
    0x080027ac   0x000000b8   Code   RO          662    i.ADC_RegularChannelConfig  stm32f10x_adc.o
    0x08002864   0x0000000a   Code   RO          663    i.ADC_ResetCalibration  stm32f10x_adc.o
    0x0800286e   0x00000016   Code   RO          665    i.ADC_SoftwareStartConvCmd  stm32f10x_adc.o
    0x08002884   0x0000000a   Code   RO          667    i.ADC_StartCalibration  stm32f10x_adc.o
    0x0800288e   0x00000004   Code   RO          156    i.BusFault_Handler  stm32f10x_it.o
    0x08002892   0x00000002   PAD
    0x08002894   0x0000031c   Code   RO            1    i.CheckWater        main.o
    0x08002bb0   0x00000002   Code   RO          157    i.DebugMon_Handler  stm32f10x_it.o
    0x08002bb2   0x00000002   PAD
    0x08002bb4   0x0000000c   Code   RO         1449    i.FLASH_ClearFlag   stm32f10x_flash.o
    0x08002bc0   0x0000004c   Code   RO         1454    i.FLASH_ErasePage   stm32f10x_flash.o
    0x08002c0c   0x00000034   Code   RO         1455    i.FLASH_GetBank1Status  stm32f10x_flash.o
    0x08002c40   0x00000014   Code   RO         1464    i.FLASH_Lock        stm32f10x_flash.o
    0x08002c54   0x0000001c   Code   RO         1466    i.FLASH_PrefetchBufferCmd  stm32f10x_flash.o
    0x08002c70   0x0000006c   Code   RO         1469    i.FLASH_ProgramWord  stm32f10x_flash.o
    0x08002cdc   0x00000018   Code   RO         1471    i.FLASH_SetLatency  stm32f10x_flash.o
    0x08002cf4   0x00000018   Code   RO         1472    i.FLASH_Unlock      stm32f10x_flash.o
    0x08002d0c   0x00000026   Code   RO         1476    i.FLASH_WaitForLastOperation  stm32f10x_flash.o
    0x08002d32   0x00000116   Code   RO         1749    i.GPIO_Init         stm32f10x_gpio.o
    0x08002e48   0x00000012   Code   RO         1753    i.GPIO_ReadInputDataBit  stm32f10x_gpio.o
    0x08002e5a   0x00000004   Code   RO         1756    i.GPIO_ResetBits    stm32f10x_gpio.o
    0x08002e5e   0x00000004   Code   RO         1757    i.GPIO_SetBits      stm32f10x_gpio.o
    0x08002e62   0x00000002   PAD
    0x08002e64   0x00000070   Code   RO          412    i.GPIO_confi        gpio.o
    0x08002ed4   0x00000088   Code   RO            2    i.GoToNextPos       main.o
    0x08002f5c   0x00000004   Code   RO          158    i.HardFault_Handler  stm32f10x_it.o
    0x08002f60   0x00000004   Code   RO          159    i.MemManage_Handler  stm32f10x_it.o
    0x08002f64   0x00000002   Code   RO          160    i.NMI_Handler       stm32f10x_it.o
    0x08002f66   0x00000002   PAD
    0x08002f68   0x00000070   Code   RO          598    i.NVIC_Init         misc.o
    0x08002fd8   0x00000014   Code   RO          599    i.NVIC_PriorityGroupConfig  misc.o
    0x08002fec   0x000000e0   Code   RO          454    i.PWM1_init         stepmotor.o
    0x080030cc   0x00000002   Code   RO          161    i.PendSV_Handler    stm32f10x_it.o
    0x080030ce   0x00000002   PAD
    0x080030d0   0x00000020   Code   RO         2165    i.RCC_APB1PeriphClockCmd  stm32f10x_rcc.o
    0x080030f0   0x00000020   Code   RO         2167    i.RCC_APB2PeriphClockCmd  stm32f10x_rcc.o
    0x08003110   0x0000004c   Code   RO         2174    i.RCC_DeInit        stm32f10x_rcc.o
    0x0800315c   0x000000d4   Code   RO         2175    i.RCC_GetClocksFreq  stm32f10x_rcc.o
    0x08003230   0x0000003c   Code   RO         2176    i.RCC_GetFlagStatus  stm32f10x_rcc.o
    0x0800326c   0x00000010   Code   RO         2178    i.RCC_GetSYSCLKSource  stm32f10x_rcc.o
    0x0800327c   0x00000018   Code   RO         2179    i.RCC_HCLKConfig    stm32f10x_rcc.o
    0x08003294   0x0000004c   Code   RO         2180    i.RCC_HSEConfig     stm32f10x_rcc.o
    0x080032e0   0x00000018   Code   RO         2186    i.RCC_PCLK1Config   stm32f10x_rcc.o
    0x080032f8   0x00000018   Code   RO         2187    i.RCC_PCLK2Config   stm32f10x_rcc.o
    0x08003310   0x0000000c   Code   RO         2188    i.RCC_PLLCmd        stm32f10x_rcc.o
    0x0800331c   0x0000001c   Code   RO         2189    i.RCC_PLLConfig     stm32f10x_rcc.o
    0x08003338   0x00000018   Code   RO         2192    i.RCC_SYSCLKConfig  stm32f10x_rcc.o
    0x08003350   0x00000038   Code   RO         2194    i.RCC_WaitForHSEStartUp  stm32f10x_rcc.o
    0x08003388   0x00000002   Code   RO          162    i.SVC_Handler       stm32f10x_it.o
    0x0800338a   0x00000008   Code   RO          545    i.SetSysClock       system_stm32f10x.o
    0x08003392   0x00000002   PAD
    0x08003394   0x000000e0   Code   RO          546    i.SetSysClockTo72   system_stm32f10x.o
    0x08003474   0x00000002   Code   RO          163    i.SysTick_Handler   stm32f10x_it.o
    0x08003476   0x00000002   PAD
    0x08003478   0x00000060   Code   RO          548    i.SystemInit        system_stm32f10x.o
    0x080034d8   0x000000bc   Code   RO          455    i.TIM1_UP_IRQHandler  stepmotor.o
    0x08003594   0x00000006   Code   RO         2794    i.TIM_ClearITPendingBit  stm32f10x_tim.o
    0x0800359a   0x00000018   Code   RO         2799    i.TIM_Cmd           stm32f10x_tim.o
    0x080035b2   0x0000001e   Code   RO         2801    i.TIM_CtrlPWMOutputs  stm32f10x_tim.o
    0x080035d0   0x00000022   Code   RO         2820    i.TIM_GetITStatus   stm32f10x_tim.o
    0x080035f2   0x00000012   Code   RO         2824    i.TIM_ITConfig      stm32f10x_tim.o
    0x08003604   0x00000098   Code   RO         2828    i.TIM_OC1Init       stm32f10x_tim.o
    0x0800369c   0x0000007c   Code   RO         2843    i.TIM_OC4Init       stm32f10x_tim.o
    0x08003718   0x00000004   Code   RO         2860    i.TIM_SetCompare1   stm32f10x_tim.o
    0x0800371c   0x00000006   Code   RO         2863    i.TIM_SetCompare4   stm32f10x_tim.o
    0x08003722   0x00000002   PAD
    0x08003724   0x000000a4   Code   RO         2870    i.TIM_TimeBaseInit  stm32f10x_tim.o
    0x080037c8   0x00000190   Code   RO          290    i.USART1_IRQHandler  cmd.o
    0x08003958   0x00000012   Code   RO         3331    i.USART_ClearFlag   stm32f10x_usart.o
    0x0800396a   0x0000001e   Code   RO         3332    i.USART_ClearITPendingBit  stm32f10x_usart.o
    0x08003988   0x00000022   Code   RO         3333    i.USART_ClockInit   stm32f10x_usart.o
    0x080039aa   0x00000018   Code   RO         3335    i.USART_Cmd         stm32f10x_usart.o
    0x080039c2   0x0000001a   Code   RO         3338    i.USART_GetFlagStatus  stm32f10x_usart.o
    0x080039dc   0x00000054   Code   RO         3339    i.USART_GetITStatus  stm32f10x_usart.o
    0x08003a30   0x0000004a   Code   RO         3341    i.USART_ITConfig    stm32f10x_usart.o
    0x08003a7a   0x00000002   PAD
    0x08003a7c   0x000000d8   Code   RO         3342    i.USART_Init        stm32f10x_usart.o
    0x08003b54   0x0000000a   Code   RO         3349    i.USART_ReceiveData  stm32f10x_usart.o
    0x08003b5e   0x00000008   Code   RO         3352    i.USART_SendData    stm32f10x_usart.o
    0x08003b66   0x00000004   Code   RO          164    i.UsageFault_Handler  stm32f10x_it.o
    0x08003b6a   0x00000002   PAD
    0x08003b6c   0x00000100   Code   RO          222    i.Usart_init        usart.o
    0x08003c6c   0x00000028   Code   RO         4606    i.__ARM_fpclassify  m_ws.l(fpclassify.o)
    0x08003c94   0x0000000e   Code   RO         4712    i.__mathlib_dbl_overflow  m_ws.l(dunder.o)
    0x08003ca2   0x00000002   PAD
    0x08003ca4   0x00000010   Code   RO         4714    i.__mathlib_dbl_underflow  m_ws.l(dunder.o)
    0x08003cb4   0x00000010   Code   RO         4644    i.__mathlib_narrow  m_ws.l(narrow.o)
    0x08003cc4   0x00000088   Code   RO         4645    i.__mathlib_tofloat  m_ws.l(narrow.o)
    0x08003d4c   0x00000016   Code   RO         4695    i.__support_ldexp   m_ws.l(ldexp.o)
    0x08003d62   0x0000000e   Code   RO         4370    i._is_digit         c_w.l(__printf_wp.o)
    0x08003d70   0x00000020   Code   RO          413    i.addWaterMotor     gpio.o
    0x08003d90   0x0000002a   Code   RO         4266    i.atof              m_ws.l(atof.o)
    0x08003dba   0x00000002   PAD
    0x08003dbc   0x00000060   Code   RO          291    i.cmd_exec          cmd.o
    0x08003e1c   0x00000040   Code   RO          292    i.cmd_fish          cmd.o
    0x08003e5c   0x00000090   Code   RO          293    i.cmd_get           cmd.o
    0x08003eec   0x0000006c   Code   RO          294    i.cmd_help_func     cmd.o
    0x08003f58   0x00000034   Code   RO          295    i.cmd_home          cmd.o
    0x08003f8c   0x00000020   Code   RO          296    i.cmd_init          cmd.o
    0x08003fac   0x0000005c   Code   RO          297    i.cmd_motor         cmd.o
    0x08004008   0x00000088   Code   RO          298    i.cmd_parse         cmd.o
    0x08004090   0x00000028   Code   RO          299    i.cmd_reboot        cmd.o
    0x080040b8   0x0000009c   Code   RO          300    i.cmd_run           cmd.o
    0x08004154   0x000000b4   Code   RO          301    i.cmd_setSalt       cmd.o
    0x08004208   0x000000b4   Code   RO          302    i.cmd_setTemp       cmd.o
    0x080042bc   0x00000030   Code   RO          303    i.cmd_stop          cmd.o
    0x080042ec   0x00000044   Code   RO          456    i.ctrlMotor         stepmotor.o
    0x08004330   0x00000038   Code   RO          278    i.delay_ms          tim.o
    0x08004368   0x00000024   Code   RO          414    i.fishMotor         gpio.o
    0x0800438c   0x00000058   Code   RO         4668    i.frexp             m_ws.l(frexp.o)
    0x080043e4   0x000000cc   Code   RO          503    i.get_salt          adc.o
    0x080044b0   0x000000b8   Code   RO          504    i.get_temp          adc.o
    0x08004568   0x00000020   Code   RO          415    i.gpio_init         gpio.o
    0x08004588   0x00000074   Code   RO         4696    i.ldexp             m_ws.l(ldexp.o)
    0x080045fc   0x000002c0   Code   RO            3    i.main              main.o
    0x080048bc   0x00000020   Code   RO          416    i.mixUpMotor        gpio.o
    0x080048dc   0x0000002c   Code   RO          457    i.motorInit         stepmotor.o
    0x08004908   0x00000054   Code   RO          254    i.rcc_init          rcc.o
    0x0800495c   0x000000e8   Code   RO          505    i.saltAndTempInit   adc.o
    0x08004a44   0x00000024   Code   RO          417    i.saltMotor         gpio.o
    0x08004a68   0x00000074   Code   RO          458    i.setPos            stepmotor.o
    0x08004adc   0x0000006a   Code   RO          255    i.system_clk_set    rcc.o
    0x08004b46   0x0000008a   Code   RO          223    i.uprintf           usart.o
    0x08004bd0   0x0000002c   Code   RO         4523    locale$$code        c_w.l(lc_numeric_c.o)
    0x08004bfc   0x0000002c   Code   RO         4586    locale$$code        c_w.l(lc_ctype_c.o)
    0x08004c28   0x00000062   Code   RO         4237    x$fpl$d2f           fz_ws.l(d2f.o)
    0x08004c8a   0x00000002   PAD
    0x08004c8c   0x00000010   Code   RO         4706    x$fpl$dcheck1       fz_ws.l(dcheck1.o)
    0x08004c9c   0x00000018   Code   RO         4534    x$fpl$dcmpinf       fz_ws.l(dcmpi.o)
    0x08004cb4   0x000002b0   Code   RO         4240    x$fpl$ddiv          fz_ws.l(ddiv.o)
    0x08004f64   0x00000078   Code   RO         4665    x$fpl$deqf          fz_ws.l(deqf.o)
    0x08004fdc   0x0000002e   Code   RO         4244    x$fpl$dflt          fz_ws.l(dflt_clz.o)
    0x0800500a   0x00000002   PAD
    0x0800500c   0x00000078   Code   RO         4456    x$fpl$dleqf         fz_ws.l(dleqf.o)
    0x08005084   0x00000154   Code   RO         4249    x$fpl$dmul          fz_ws.l(dmul.o)
    0x080051d8   0x0000009c   Code   RO         4458    x$fpl$dnaninf       fz_ws.l(dnaninf.o)
    0x08005274   0x0000000c   Code   RO         4460    x$fpl$dretinf       fz_ws.l(dretinf.o)
    0x08005280   0x0000006c   Code   RO         4251    x$fpl$drleqf        fz_ws.l(drleqf.o)
    0x080052ec   0x00000056   Code   RO         4253    x$fpl$f2d           fz_ws.l(f2d.o)
    0x08005342   0x00000002   PAD
    0x08005344   0x000000c4   Code   RO         4255    x$fpl$fadd          fz_ws.l(faddsub_clz.o)
    0x08005408   0x00000018   Code   RO         4462    x$fpl$fcmpinf       fz_ws.l(fcmpi.o)
    0x08005420   0x00000068   Code   RO         4261    x$fpl$fleqf         fz_ws.l(fleqf.o)
    0x08005488   0x0000008c   Code   RO         4464    x$fpl$fnaninf       fz_ws.l(fnaninf.o)
    0x08005514   0x0000000a   Code   RO         4466    x$fpl$fretinf       fz_ws.l(fretinf.o)
    0x0800551e   0x00000062   Code   RO         4263    x$fpl$frleqf        fz_ws.l(frleqf.o)
    0x08005580   0x000000ea   Code   RO         4257    x$fpl$fsub          fz_ws.l(faddsub_clz.o)
    0x0800566a   0x00000004   Code   RO         4468    x$fpl$printf1       fz_ws.l(printf1.o)
    0x0800566e   0x00000064   Code   RO         4729    x$fpl$retnan        fz_ws.l(retnan.o)
    0x080056d2   0x0000005c   Code   RO         4692    x$fpl$scalbn        fz_ws.l(scalbn.o)
    0x0800572e   0x00000004   Code   RO         4538    x$fpl$scanf1        fz_ws.l(scanf1.o)
    0x08005732   0x00000008   Code   RO         4638    x$fpl$scanf2        fz_ws.l(scanf2.o)
    0x0800573a   0x00000030   Code   RO         4731    x$fpl$trapveneer    fz_ws.l(trapv.o)
    0x0800576a   0x00000000   Code   RO         4470    x$fpl$usenofp       fz_ws.l(usenofp.o)
    0x0800576a   0x00000002   PAD
    0x0800576c   0x00000008   Data   RO         4329    .constdata          c_w.l(_printf_wctomb.o)
    0x08005774   0x00000028   Data   RO         4358    .constdata          c_w.l(_printf_hex_int_ll_ptr.o)
    0x0800579c   0x00000011   Data   RO         4378    .constdata          c_w.l(__printf_flags_ss_wp.o)
    0x080057ad   0x00000003   PAD
    0x080057b0   0x00000094   Data   RO         4561    .constdata          c_w.l(bigflt0.o)
    0x08005844   0x00000020   Data   RO         4733    Region$$Table       anon$$obj.o
    0x08005864   0x00000008   Data   RO         4635    c$$dinf             fz_ws.l(fpconst.o)
    0x0800586c   0x0000001c   Data   RO         4522    locale$$data        c_w.l(lc_numeric_c.o)
    0x08005888   0x00000110   Data   RO         4585    locale$$data        c_w.l(lc_ctype_c.o)


    Execution Region RW_IRAM1 (Base: 0x20000000, Size: 0x00001348, Max: 0x0000c000, ABSOLUTE, COMPRESSED[0x000000d4])

    Base Addr    Size         Type   Attr      Idx    E Section Name        Object

    0x20000000   0x00000044   Data   RW            4    .data               main.o
    0x20000044   0x00000010   Data   RW          225    .data               usart.o
    0x20000054   0x000001ec   Data   RW          305    .data               cmd.o
    0x20000240   0x00000010   Data   RW          460    .data               stepmotor.o
    0x20000250   0x00000004   Data   RW          507    .data               adc.o
    0x20000254   0x00000014   Data   RW         2195    .data               stm32f10x_rcc.o
    0x20000268   0x00000010   Zero   RW          224    .bss                usart.o
    0x20000278   0x00000030   Zero   RW          304    .bss                cmd.o
    0x200002a8   0x0000003c   Zero   RW          506    .bss                adc.o
    0x200002e4   0x00000060   Zero   RW         4474    .bss                c_w.l(libspace.o)
    0x20000344   0x00000004   PAD
    0x20000348   0x00000800   Zero   RW         3566    HEAP                startup_stm32f10x_hd.o
    0x20000b48   0x00000800   Zero   RW         3565    STACK               startup_stm32f10x_hd.o


==============================================================================

Image component sizes


      Code (inc. data)   RO Data    RW Data    ZI Data      Debug   Object Name

       620         66          0          4         60       2001   adc.o
      1728        474          0        492         48      24834   cmd.o
         0          0          0          0          0         32   core_cm3.o
       280         36          0          0          0       3010   gpio.o
      1636        400          0         68          0     271036   main.o
       132         22          0          0          0       1403   misc.o
       190          0          0          0          0        944   rcc.o
        64         26        304          0       4096        800   startup_stm32f10x_hd.o
       640         74          0         16          0       3126   stepmotor.o
       394         10          0          0          0       7493   stm32f10x_adc.o
       382         50          0          0          0       6005   stm32f10x_flash.o
       304          0          0          0          0       3424   stm32f10x_gpio.o
        26          0          0          0          0       3482   stm32f10x_it.o
       696         92          0         20          0       9802   stm32f10x_rcc.o
       562         72          0          0          0       6111   stm32f10x_tim.o
       524          6          0          0          0       7455   stm32f10x_usart.o
       328         28          0          0          0       1801   system_stm32f10x.o
        56          0          0          0          0        447   tim.o
       394         28          0         16         16       2469   usart.o

    ----------------------------------------------------------------------
      8978       1384        336        616       4220     355675   Object Totals
         0          0         32          0          0          0   (incl. Generated)
        22          0          0          0          0          0   (incl. Padding)

    ----------------------------------------------------------------------

      Code (inc. data)   RO Data    RW Data    ZI Data      Debug   Library Member Name

        90          0          0          0          0          0   __dczerorl2.o
         8          0          0          0          0         68   __main.o
       392          4         17          0          0         92   __printf_flags_ss_wp.o
        14          0          0          0          0         68   __printf_wp.o
         0          0          0          0          0          0   __rtentry.o
        12          0          0          0          0          0   __rtentry2.o
         6          0          0          0          0          0   __rtentry4.o
        52          8          0          0          0          0   __scatter.o
        28          0          0          0          0          0   __scatter_zi.o
        28          0          0          0          0         68   _chval.o
         6          0          0          0          0          0   _printf_a.o
         6          0          0          0          0          0   _printf_c.o
        44          0          0          0          0        108   _printf_char.o
        48          6          0          0          0         96   _printf_char_common.o
        40          0          0          0          0         68   _printf_charcount.o
         6          0          0          0          0          0   _printf_d.o
       120         16          0          0          0         92   _printf_dec.o
         6          0          0          0          0          0   _printf_e.o
         6          0          0          0          0          0   _printf_f.o
      1050          0          0          0          0        216   _printf_fp_dec.o
       128         16          0          0          0         84   _printf_fp_infnan.o
         6          0          0          0          0          0   _printf_g.o
       148          4         40          0          0        160   _printf_hex_int_ll_ptr.o
         6          0          0          0          0          0   _printf_i.o
       178          0          0          0          0         88   _printf_intcommon.o
        10          0          0          0          0          0   _printf_l.o
         6          0          0          0          0          0   _printf_lc.o
        10          0          0          0          0          0   _printf_ll.o
         6          0          0          0          0          0   _printf_lld.o
         6          0          0          0          0          0   _printf_lli.o
         6          0          0          0          0          0   _printf_llo.o
         6          0          0          0          0          0   _printf_llu.o
         6          0          0          0          0          0   _printf_llx.o
       124         16          0          0          0         92   _printf_longlong_dec.o
         6          0          0          0          0          0   _printf_ls.o
         6          0          0          0          0          0   _printf_n.o
         6          0          0          0          0          0   _printf_o.o
       112          8          0          0          0        124   _printf_oct_int_ll.o
         6          0          0          0          0          0   _printf_p.o
        78          0          0          0          0        108   _printf_pad.o
         0          0          0          0          0          0   _printf_percent.o
         4          0          0          0          0          0   _printf_percent_end.o
         6          0          0          0          0          0   _printf_s.o
        82          0          0          0          0         80   _printf_str.o
        36          0          0          0          0         84   _printf_truncate.o
         6          0          0          0          0          0   _printf_u.o
        44          0          0          0          0        108   _printf_wchar.o
       188          6          8          0          0         92   _printf_wctomb.o
         6          0          0          0          0          0   _printf_x.o
        22          0          0          0          0        100   _rserrno.o
        64          0          0          0          0         84   _sgetc.o
        16          0          0          0          0         68   _snputc.o
        10          0          0          0          0         68   _sputc.o
       158          0          0          0          0         92   _strtoul.o
        64          0          0          0          0         92   _wcrtomb.o
        26          0          0          0          0         80   atoi.o
       220          4        148          0          0         96   bigflt0.o
      2074        132          0          0          0        940   btod.o
        52          4          0          0          0         80   c89vsnprintf.o
        10          0          0          0          0         68   defsig_exit.o
        50          0          0          0          0         88   defsig_general.o
        80         58          0          0          0         76   defsig_rtmem_inner.o
        14          0          0          0          0         80   defsig_rtmem_outer.o
        12          0          0          0          0         72   exit.o
        94          0          0          0          0         80   h1_alloc.o
        52          0          0          0          0         68   h1_extend.o
        78          0          0          0          0         80   h1_free.o
        14          0          0          0          0         84   h1_init.o
         6          0          0          0          0        152   heapauxi.o
         4          0          0          0          0        136   hguard.o
         0          0          0          0          0          0   indicate_semi.o
       138          0          0          0          0        168   init_alloc.o
        18          0          0          0          0         76   isspace.o
        44         10        272          0          0         76   lc_ctype_c.o
        44         10         28          0          0         76   lc_numeric_c.o
         2          0          0          0          0          0   libinit.o
        38          0          0          0          0          0   libinit2.o
         2          0          0          0          0          0   libshutdown.o
         2          0          0          0          0          0   libshutdown2.o
         8          4          0          0         96         68   libspace.o
        38          0          0          0          0         68   llshl.o
       138          0          0          0          0         80   lludiv10.o
         0          0          0          0          0          0   maybetermalloc1.o
        16          4          0          0          0         76   rt_ctype_table.o
         8          4          0          0          0         68   rt_errno_addr_intlibspace.o
         8          4          0          0          0         68   rt_heap_descriptor_intlibspace.o
         8          4          0          0          0         68   rt_locale_intlibspace.o
        78          0          0          0          0         80   rt_memclr_w.o
         2          0          0          0          0          0   rtexit.o
        10          0          0          0          0          0   rtexit2.o
      1188         12          0          0          0        148   scanf_fp.o
       792         14          0          0          0        100   scanf_hexfp.o
       308         16          0          0          0        100   scanf_infnan.o
       128          0          0          0          0         68   strcmpv7m.o
       160         12          0          0          0        120   strtod.o
       112          0          0          0          0         88   strtol.o
        12          4          0          0          0         68   sys_exit.o
        74          0          0          0          0         80   sys_stackheap_outer.o
        14          0          0          0          0         76   sys_wrch.o
         2          0          0          0          0         68   use_no_semi.o
        98          4          0          0          0         92   d2f.o
        16          4          0          0          0         68   dcheck1.o
        24          0          0          0          0         68   dcmpi.o
       688        140          0          0          0        208   ddiv.o
       120          4          0          0          0         92   deqf.o
        46          0          0          0          0         68   dflt_clz.o
       120          4          0          0          0         92   dleqf.o
       340         12          0          0          0        104   dmul.o
       156          4          0          0          0         92   dnaninf.o
        12          0          0          0          0         68   dretinf.o
       108          0          0          0          0         80   drleqf.o
        86          4          0          0          0         84   f2d.o
       430          8          0          0          0        168   faddsub_clz.o
        24          0          0          0          0         68   fcmpi.o
       104          4          0          0          0         84   fleqf.o
       140          4          0          0          0         84   fnaninf.o
         0          0          8          0          0          0   fpconst.o
        10          0          0          0          0         68   fretinf.o
        98          0          0          0          0         68   frleqf.o
         4          0          0          0          0         68   printf1.o
       100          0          0          0          0         68   retnan.o
        92          0          0          0          0         68   scalbn.o
         4          0          0          0          0         68   scanf1.o
         8          0          0          0          0         84   scanf2.o
        48          0          0          0          0         68   trapv.o
         0          0          0          0          0          0   usenofp.o
        42          0          0          0          0         84   atof.o
        30          6          0          0          0        136   dunder.o
        40          0          0          0          0         68   fpclassify.o
        88          8          0          0          0         76   frexp.o
       138          0          0          0          0        160   ldexp.o
       152          4          0          0          0        168   narrow.o

    ----------------------------------------------------------------------
     13098        592        524          0        100       9240   Library Totals
        26          2          3          0          4          0   (incl. Padding)

    ----------------------------------------------------------------------

      Code (inc. data)   RO Data    RW Data    ZI Data      Debug   Library Name

      9706        380        513          0         96       6468   c_w.l
      2876        192          8          0          0       2080   fz_ws.l
       490         18          0          0          0        692   m_ws.l

    ----------------------------------------------------------------------
     13098        592        524          0        100       9240   Library Totals

    ----------------------------------------------------------------------

==============================================================================


      Code (inc. data)   RO Data    RW Data    ZI Data      Debug   

     22076       1976        860        616       4320     354199   Grand Totals
     22076       1976        860        212       4320     354199   ELF Image Totals (compressed)
     22076       1976        860        212          0          0   ROM Totals

==============================================================================

    Total RO  Size (Code + RO Data)                22936 (  22.40kB)
    Total RW  Size (RW Data + ZI Data)              4936 (   4.82kB)
    Total ROM Size (Code + RO Data + RW Data)      23148 (  22.61kB)

==============================================================================

