<html>
<body>
<pre>
<h1>µVision Build Log</h1>
<h2>Project:</h2>
D:\Users\xuguanghui\Desktop\demoF103\STM32F103demo.uvproj
Project File Date:  12/09/2016

<h2>Output:</h2>
Rebuild target 'demo'
compiling main.c...
User\main.c(32): warning:  #1-D: last line of file ends without a newline
  }
User\main.c: 1 warning, 0 errors
compiling stm32f10x_it.c...
compiling core_cm3.c...
compiling system_stm32f10x.c...
compiling misc.c...
compiling stm32f10x_adc.c...
compiling stm32f10x_bkp.c...
compiling stm32f10x_can.c...
compiling stm32f10x_cec.c...
compiling stm32f10x_crc.c...
compiling stm32f10x_dac.c...
compiling stm32f10x_dbgmcu.c...
compiling stm32f10x_dma.c...
compiling stm32f10x_exti.c...
compiling stm32f10x_flash.c...
compiling stm32f10x_fsmc.c...
compiling stm32f10x_gpio.c...
compiling stm32f10x_i2c.c...
compiling stm32f10x_iwdg.c...
compiling stm32f10x_pwr.c...
compiling stm32f10x_rcc.c...
compiling stm32f10x_rtc.c...
compiling stm32f10x_sdio.c...
compiling stm32f10x_spi.c...
compiling stm32f10x_tim.c...
compiling stm32f10x_usart.c...
compiling stm32f10x_wwdg.c...
assembling startup_stm32f10x_hd.s...
linking...
Program Size: Code=484 RO-data=320 RW-data=0 ZI-data=1024  
FromELF: creating hex file...
".\Output\STM32F103demo.axf" - 0 Error(s), 1 Warning(s).
</pre>
</body>
</html>
ling stm32f10x_usart.c...
compiling stm32f10x_wwdg.c...
assembling startup_stm32f10x_hd.s...
".\Output\STM32F103demo.axf" - 2 Error(s), 1 Warning(s).
Target not created
_COLOR_WHITE);
User\main.c(144): warning:  #223-D: function "LCD_DisplayStringLine" declared implicitly
    LCD_DisplayStringLine(LCD_LINE_0, (uint8_t *)MESSAGE1);
User\main.c(144): error:  #20: identifier "LCD_LINE_0" is undefined
    LCD_DisplayStringLine(LCD_LINE_0, (uint8_t *)MESSAGE1);
User\main.c(144): error:  #20: identifier "MESSAGE1" is undefined
    LCD_DisplayStringLine(LCD_LINE_0, (uint8_t *)MESSAGE1);
User\main.c(145): error:  #20: identifier "LCD_LINE_1" is undefined
    LCD_DisplayStringLine(LCD_LINE_1, (uint8_t *)MESSAGE2);
User\main.c(145): error:  #20: identifier "MESSAGE2" is undefined
    LCD_DisplayStringLine(LCD_LINE_1, (uint8_t *)MESSAGE2);
User\main.c(146): error:  #20: identifier "LCD_LINE_2" is undefined
    LCD_DisplayStringLine(LCD_LINE_2, (uint8_t *)MESSAGE3);
User\main.c(146): error:  #20: identifier "MESSAGE3" is undefined
    LCD_DisplayStringLine(LCD_LINE_2, (uint8_t *)MESSAGE3);
User\main.c(155): warning:  #223-D: function "STM_EVAL_LEDOn" declared implicitly
    STM_EVAL_LEDOn(LED1);
User\main.c(178): error:  #20: identifier "EVAL_COM1" is undefined
    USART_SendData(EVAL_COM1, (uint8_t) ch);
User\main.c: 7 warnings, 14 errors
compiling stm32f10x_it.c...
compiling core_cm3.c...
compiling system_stm32f10x.c...
compiling misc.c...
compiling stm32f10x_adc.c...
compiling stm32f10x_bkp.c...
compiling stm32f10x_can.c...
compiling stm32f10x_cec.c...
compiling stm32f10x_crc.c...
compiling stm32f10x_dac.c...
compiling stm32f10x_dbgmcu.c...
compiling stm32f10x_dma.c...
compiling stm32f10x_exti.c...
compiling stm32f10x_flash.c...
compiling stm32f10x_fsmc.c...
compiling stm32f10x_gpio.c...
compiling stm32f10x_i2c.c...
compiling stm32f10x_iwdg.c...
compiling stm32f10x_pwr.c...
compiling stm32f10x_rcc.c...
compiling stm32f10x_rtc.c...
compiling stm32f10x_sdio.c...
compiling stm32f10x_spi.c...
compiling stm32f10x_tim.c...
compiling stm32f10x_usart.c...
compiling stm32f10x_wwdg.c...
assembling startup_stm32f10x_hd.s...
".\Output\STM32F103demo.axf" - 14 Error(s), 7 Warning(s).
Target not created
